Archive member included to satisfy reference by file (symbol)

c:/program files (x86)/atollic/truestudio for stm32 9.0.1/armtools/bin/../lib/gcc/arm-atollic-eabi/6.3.1/../../../../arm-atollic-eabi/lib/armv7e-m/fpu\libc_nano.a(lib_a-errno.o)
                              Src\syscalls.o (__errno)
c:/program files (x86)/atollic/truestudio for stm32 9.0.1/armtools/bin/../lib/gcc/arm-atollic-eabi/6.3.1/../../../../arm-atollic-eabi/lib/armv7e-m/fpu\libc_nano.a(lib_a-impure.o)
                              c:/program files (x86)/atollic/truestudio for stm32 9.0.1/armtools/bin/../lib/gcc/arm-atollic-eabi/6.3.1/../../../../arm-atollic-eabi/lib/armv7e-m/fpu\libc_nano.a(lib_a-errno.o) (_impure_ptr)
c:/program files (x86)/atollic/truestudio for stm32 9.0.1/armtools/bin/../lib/gcc/arm-atollic-eabi/6.3.1/../../../../arm-atollic-eabi/lib/armv7e-m/fpu\libc_nano.a(lib_a-init.o)
                              startup\startup_stm32f303x8.o (__libc_init_array)
c:/program files (x86)/atollic/truestudio for stm32 9.0.1/armtools/bin/../lib/gcc/arm-atollic-eabi/6.3.1/../../../../arm-atollic-eabi/lib/armv7e-m/fpu\libc_nano.a(lib_a-memset.o)
                              Src\main.o (memset)
c:/program files (x86)/atollic/truestudio for stm32 9.0.1/armtools/bin/../lib/gcc/arm-atollic-eabi/6.3.1/../../../../arm-atollic-eabi/lib/armv7e-m/fpu\libc_nano.a(lib_a-printf.o)
                              Inc\CAN\CAN.o (printf)
c:/program files (x86)/atollic/truestudio for stm32 9.0.1/armtools/bin/../lib/gcc/arm-atollic-eabi/6.3.1/../../../../arm-atollic-eabi/lib/armv7e-m/fpu\libc_nano.a(lib_a-findfp.o)
                              c:/program files (x86)/atollic/truestudio for stm32 9.0.1/armtools/bin/../lib/gcc/arm-atollic-eabi/6.3.1/../../../../arm-atollic-eabi/lib/armv7e-m/fpu\libc_nano.a(lib_a-printf.o) (__sinit)
c:/program files (x86)/atollic/truestudio for stm32 9.0.1/armtools/bin/../lib/gcc/arm-atollic-eabi/6.3.1/../../../../arm-atollic-eabi/lib/armv7e-m/fpu\libc_nano.a(lib_a-fwalk.o)
                              c:/program files (x86)/atollic/truestudio for stm32 9.0.1/armtools/bin/../lib/gcc/arm-atollic-eabi/6.3.1/../../../../arm-atollic-eabi/lib/armv7e-m/fpu\libc_nano.a(lib_a-findfp.o) (_fwalk)
c:/program files (x86)/atollic/truestudio for stm32 9.0.1/armtools/bin/../lib/gcc/arm-atollic-eabi/6.3.1/../../../../arm-atollic-eabi/lib/armv7e-m/fpu\libc_nano.a(lib_a-nano-mallocr.o)
                              c:/program files (x86)/atollic/truestudio for stm32 9.0.1/armtools/bin/../lib/gcc/arm-atollic-eabi/6.3.1/../../../../arm-atollic-eabi/lib/armv7e-m/fpu\libc_nano.a(lib_a-findfp.o) (_malloc_r)
c:/program files (x86)/atollic/truestudio for stm32 9.0.1/armtools/bin/../lib/gcc/arm-atollic-eabi/6.3.1/../../../../arm-atollic-eabi/lib/armv7e-m/fpu\libc_nano.a(lib_a-nano-vfprintf.o)
                              c:/program files (x86)/atollic/truestudio for stm32 9.0.1/armtools/bin/../lib/gcc/arm-atollic-eabi/6.3.1/../../../../arm-atollic-eabi/lib/armv7e-m/fpu\libc_nano.a(lib_a-printf.o) (_vfprintf_r)
c:/program files (x86)/atollic/truestudio for stm32 9.0.1/armtools/bin/../lib/gcc/arm-atollic-eabi/6.3.1/../../../../arm-atollic-eabi/lib/armv7e-m/fpu\libc_nano.a(lib_a-nano-vfprintf_i.o)
                              c:/program files (x86)/atollic/truestudio for stm32 9.0.1/armtools/bin/../lib/gcc/arm-atollic-eabi/6.3.1/../../../../arm-atollic-eabi/lib/armv7e-m/fpu\libc_nano.a(lib_a-nano-vfprintf.o) (_printf_i)
c:/program files (x86)/atollic/truestudio for stm32 9.0.1/armtools/bin/../lib/gcc/arm-atollic-eabi/6.3.1/../../../../arm-atollic-eabi/lib/armv7e-m/fpu\libc_nano.a(lib_a-sbrkr.o)
                              c:/program files (x86)/atollic/truestudio for stm32 9.0.1/armtools/bin/../lib/gcc/arm-atollic-eabi/6.3.1/../../../../arm-atollic-eabi/lib/armv7e-m/fpu\libc_nano.a(lib_a-nano-mallocr.o) (_sbrk_r)
c:/program files (x86)/atollic/truestudio for stm32 9.0.1/armtools/bin/../lib/gcc/arm-atollic-eabi/6.3.1/../../../../arm-atollic-eabi/lib/armv7e-m/fpu\libc_nano.a(lib_a-stdio.o)
                              c:/program files (x86)/atollic/truestudio for stm32 9.0.1/armtools/bin/../lib/gcc/arm-atollic-eabi/6.3.1/../../../../arm-atollic-eabi/lib/armv7e-m/fpu\libc_nano.a(lib_a-findfp.o) (__sread)
c:/program files (x86)/atollic/truestudio for stm32 9.0.1/armtools/bin/../lib/gcc/arm-atollic-eabi/6.3.1/../../../../arm-atollic-eabi/lib/armv7e-m/fpu\libc_nano.a(lib_a-wbuf.o)
                              c:/program files (x86)/atollic/truestudio for stm32 9.0.1/armtools/bin/../lib/gcc/arm-atollic-eabi/6.3.1/../../../../arm-atollic-eabi/lib/armv7e-m/fpu\libc_nano.a(lib_a-nano-vfprintf.o) (__swbuf_r)
c:/program files (x86)/atollic/truestudio for stm32 9.0.1/armtools/bin/../lib/gcc/arm-atollic-eabi/6.3.1/../../../../arm-atollic-eabi/lib/armv7e-m/fpu\libc_nano.a(lib_a-writer.o)
[...]
Memory Configuration

Name             Origin             Length             Attributes
RAM              0x20000000         0x00003000         xrw
CCMRAM           0x10000000         0x00001000         rw
FLASH            0x08000000         0x00010000         xr
*default*        0x00000000         0xffffffff

Linker script and memory map

LOAD c:/program files (x86)/atollic/truestudio for stm32 9.0.1/armtools/bin/../lib/gcc/arm-atollic-eabi/6.3.1/armv7e-m/fpu/crti.o
LOAD c:/program files (x86)/atollic/truestudio for stm32 9.0.1/armtools/bin/../lib/gcc/arm-atollic-eabi/6.3.1/armv7e-m/fpu/crtbegin.o
LOAD Drivers\STM32F3xx_HAL_Driver\Src\stm32f3xx_hal.o
LOAD Drivers\STM32F3xx_HAL_Driver\Src\stm32f3xx_hal_can.o
LOAD Drivers\STM32F3xx_HAL_Driver\Src\stm32f3xx_hal_cortex.o
LOAD Drivers\STM32F3xx_HAL_Driver\Src\stm32f3xx_hal_dma.o
LOAD Drivers\STM32F3xx_HAL_Driver\Src\stm32f3xx_hal_flash.o
LOAD Drivers\STM32F3xx_HAL_Driver\Src\stm32f3xx_hal_flash_ex.o
LOAD Drivers\STM32F3xx_HAL_Driver\Src\stm32f3xx_hal_gpio.o
LOAD Drivers\STM32F3xx_HAL_Driver\Src\stm32f3xx_hal_i2c.o
LOAD Drivers\STM32F3xx_HAL_Driver\Src\stm32f3xx_hal_i2c_ex.o
LOAD Drivers\STM32F3xx_HAL_Driver\Src\stm32f3xx_hal_pwr.o
LOAD Drivers\STM32F3xx_HAL_Driver\Src\stm32f3xx_hal_pwr_ex.o
LOAD Drivers\STM32F3xx_HAL_Driver\Src\stm32f3xx_hal_rcc.o
LOAD Drivers\STM32F3xx_HAL_Driver\Src\stm32f3xx_hal_rcc_ex.o
LOAD Drivers\STM32F3xx_HAL_Driver\Src\stm32f3xx_hal_tim.o
LOAD Drivers\STM32F3xx_HAL_Driver\Src\stm32f3xx_hal_tim_ex.o
LOAD Drivers\STM32F3xx_HAL_Driver\Src\stm32f3xx_hal_uart.o
LOAD Drivers\STM32F3xx_HAL_Driver\Src\stm32f3xx_hal_uart_ex.o
LOAD Inc\Aircylinder\Aircylinder.o
LOAD Inc\CAN\CAN.o
LOAD Inc\InterruptIvent\interrupt.o
LOAD Inc\Motor\Motor.o
LOAD Inc\PS3\PS3class.o
LOAD Inc\Sensor\Sensor.o
LOAD Inc\Servo\Servo.o
LOAD Inc\encoder\RotaryEncoder.o
LOAD Inc\localization\localization.o
LOAD Src\can.o
LOAD Src\gpio.o
LOAD Src\main.o
LOAD Src\stm32f3xx_hal_msp.o
LOAD Src\stm32f3xx_it.o
LOAD Src\syscalls.o
LOAD Src\system_stm32f3xx.o
LOAD Src\tim.o
LOAD Src\usart.o
LOAD startup\startup_stm32f303x8.o
                0x00001000                malloc_getpagesize_P = 0x1000
START GROUP
LOAD c:/program files (x86)/atollic/truestudio for stm32 9.0.1/armtools/bin/../lib/gcc/arm-atollic-eabi/6.3.1/../../../../arm-atollic-eabi/lib/armv7e-m/fpu\libstdc++_nano.a
LOAD c:/program files (x86)/atollic/truestudio for stm32 9.0.1/armtools/bin/../lib/gcc/arm-atollic-eabi/6.3.1/../../../../arm-atollic-eabi/lib/armv7e-m/fpu\libsupc++_nano.a
END GROUP
LOAD c:/program files (x86)/atollic/truestudio for stm32 9.0.1/armtools/bin/../lib/gcc/arm-atollic-eabi/6.3.1/../../../../arm-atollic-eabi/lib/armv7e-m/fpu\libstdc++_nano.a
LOAD c:/program files (x86)/atollic/truestudio for stm32 9.0.1/armtools/bin/../lib/gcc/arm-atollic-eabi/6.3.1/../../../../arm-atollic-eabi/lib/armv7e-m/fpu\libm.a
LOAD c:/program files (x86)/atollic/truestudio for stm32 9.0.1/armtools/bin/../lib/gcc/arm-atollic-eabi/6.3.1/../../../../arm-atollic-eabi/lib/armv7e-m/fpu\libc_nano.a
START GROUP
LOAD c:/program files (x86)/atollic/truestudio for stm32 9.0.1/armtools/bin/../lib/gcc/arm-atollic-eabi/6.3.1/armv7e-m/fpu\libgcc.a
LOAD c:/program files (x86)/atollic/truestudio for stm32 9.0.1/armtools/bin/../lib/gcc/arm-atollic-eabi/6.3.1/../../../../arm-atollic-eabi/lib/armv7e-m/fpu\libc_nano.a
END GROUP
START GROUP
LOAD c:/program files (x86)/atollic/truestudio for stm32 9.0.1/armtools/bin/../lib/gcc/arm-atollic-eabi/6.3.1/armv7e-m/fpu\libgcc.a
LOAD c:/program files (x86)/atollic/truestudio for stm32 9.0.1/armtools/bin/../lib/gcc/arm-atollic-eabi/6.3.1/../../../../arm-atollic-eabi/lib/armv7e-m/fpu\libc_nano.a
LOAD c:/program files (x86)/atollic/truestudio for stm32 9.0.1/armtools/bin/../lib/gcc/arm-atollic-eabi/6.3.1/../../../../arm-atollic-eabi/lib/armv7e-m/fpu\libnosys.a
END GROUP
START GROUP
LOAD c:/program files (x86)/atollic/truestudio for stm32 9.0.1/armtools/bin/../lib/gcc/arm-atollic-eabi/6.3.1/armv7e-m/fpu\libgcc.a
LOAD c:/program files (x86)/atollic/truestudio for stm32 9.0.1/armtools/bin/../lib/gcc/arm-atollic-eabi/6.3.1/../../../../arm-atollic-eabi/lib/armv7e-m/fpu\libc_nano.a
LOAD c:/program files (x86)/atollic/truestudio for stm32 9.0.1/armtools/bin/../lib/gcc/arm-atollic-eabi/6.3.1/../../../../arm-atollic-eabi/lib/armv7e-m/fpu\libnosys.a
END GROUP
LOAD c:/program files (x86)/atollic/truestudio for stm32 9.0.1/armtools/bin/../lib/gcc/arm-atollic-eabi/6.3.1/armv7e-m/fpu/crtend.o
LOAD c:/program files (x86)/atollic/truestudio for stm32 9.0.1/armtools/bin/../lib/gcc/arm-atollic-eabi/6.3.1/armv7e-m/fpu/crtn.o
                0x20003000                _estack = 0x20003000
                0x00000200                _Min_Heap_Size = 0x200
                0x00000400                _Min_Stack_Size = 0x400

.isr_vector     0x08000000      0x188
                0x08000000                . = ALIGN (0x4)
 *(.isr_vector)
 .isr_vector    0x08000000      0x188 startup\startup_stm32f303x8.o
                0x08000000                g_pfnVectors
                0x08000188                . = ALIGN (0x4)

.text           0x08000190     0x3d64
                0x08000190                . = ALIGN (0x4)
 *(.text)
 .text          0x08000190       0x40 c:/program files (x86)/atollic/truestudio for stm32 9.0.1/armtools/bin/../lib/gcc/arm-atollic-eabi/6.3.1/armv7e-m/fpu/crtbegin.o
 .text          0x080001d0       0xa0 c:/program files (x86)/atollic/truestudio for stm32 9.0.1/armtools/bin/../lib/gcc/arm-atollic-eabi/6.3.1/../../../../arm-atollic-eabi/lib/armv7e-m/fpu\libc_nano.a(lib_a-memchr.o)
                0x080001d0                memchr
 .text          0x08000270      0x9cc c:/program files (x86)/atollic/truestudio for stm32 9.0.1/armtools/bin/../lib/gcc/arm-atollic-eabi/6.3.1/armv7e-m/fpu\libgcc.a(unwind-arm.o)
                0x08000530                _Unwind_GetCFA
                0x08000534                __gnu_Unwind_RaiseException
                0x08000594                __gnu_Unwind_ForcedUnwind
                0x080005a8                __gnu_Unwind_Resume
                0x080005ec                __gnu_Unwind_Resume_or_Rethrow
                0x080005fc                _Unwind_Complete
                0x08000600                _Unwind_DeleteException
                0x0800060c                _Unwind_VRS_Get
                0x08000658                _Unwind_VRS_Set
                0x080006a8                __gnu_Unwind_Backtrace
                0x080009e8                __aeabi_unwind_cpp_pr0
                0x080009ec                __aeabi_unwind_cpp_pr1
                0x080009f0                __aeabi_unwind_cpp_pr2
                0x080009f4                _Unwind_VRS_Pop
 .text          0x08000c3c      0x1ac c:/program files (x86)/atollic/truestudio for stm32 9.0.1/armtools/bin/../lib/gcc/arm-atollic-eabi/6.3.1/armv7e-m/fpu\libgcc.a(libunwind.o)
                0x08000c3c                __restore_core_regs
                0x08000c3c                restore_core_regs
                0x08000c54                __gnu_Unwind_Restore_VFP
                0x08000c5c                __gnu_Unwind_Save_VFP
                0x08000c64                __gnu_Unwind_Restore_VFP_D
                0x08000c6c                __gnu_Unwind_Save_VFP_D
                0x08000c74                __gnu_Unwind_Restore_VFP_D_16_to_31
                0x08000c7c                __gnu_Unwind_Save_VFP_D_16_to_31
                0x08000c84                __gnu_Unwind_Restore_WMMXD
                0x08000cc8                __gnu_Unwind_Save_WMMXD
                0x08000d0c                __gnu_Unwind_Restore_WMMXC
                0x08000d20                __gnu_Unwind_Save_WMMXC
                0x08000d34                ___Unwind_RaiseException
                0x08000d34                _Unwind_RaiseException
                0x08000d58                _Unwind_Resume
                0x08000d58                ___Unwind_Resume
                0x08000d7c                _Unwind_Resume_or_Rethrow
                0x08000d7c                ___Unwind_Resume_or_Rethrow
                0x08000da0                _Unwind_ForcedUnwind
                0x08000da0                ___Unwind_ForcedUnwind
                0x08000dc4                ___Unwind_Backtrace
                0x08000dc4                _Unwind_Backtrace
 .text          0x08000de8      0x380 c:/program files (x86)/atollic/truestudio for stm32 9.0.1/armtools/bin/../lib/gcc/arm-atollic-eabi/6.3.1/armv7e-m/fpu\libgcc.a(pr-support.o)
                0x08000e40                __gnu_unwind_execute
                0x08001110                __gnu_unwind_frame
                0x08001138                _Unwind_GetRegionStart
                0x08001144                _Unwind_GetLanguageSpecificData
                0x08001158                _Unwind_GetTextRelBase
                0x08001160                _Unwind_GetDataRelBase
 *(.text*)
 .text.HAL_InitTick
                0x08001168       0x48 Drivers\STM32F3xx_HAL_Driver\Src\stm32f3xx_hal.o
                0x08001168                HAL_InitTick
 .text.HAL_Init
                0x080011b0       0x24 Drivers\STM32F3xx_HAL_Driver\Src\stm32f3xx_hal.o
                0x080011b0                HAL_Init
 .text.HAL_IncTick
                0x080011d4       0x18 Drivers\STM32F3xx_HAL_Driver\Src\stm32f3xx_hal.o
                0x080011d4                HAL_IncTick
 .text.HAL_GetTick
                0x080011ec        0xc Drivers\STM32F3xx_HAL_Driver\Src\stm32f3xx_hal.o
                0x080011ec                HAL_GetTick
 .text.HAL_CAN_Init
                0x080011f8      0x104 Drivers\STM32F3xx_HAL_Driver\Src\stm32f3xx_hal_can.o
                0x080011f8                HAL_CAN_Init
 .text.HAL_CAN_GetRxMessage
                0x080012fc      0x104 Drivers\STM32F3xx_HAL_Driver\Src\stm32f3xx_hal_can.o
                0x080012fc                HAL_CAN_GetRxMessage
 .text.HAL_CAN_TxMailbox0CompleteCallback
                0x08001400        0x4 Drivers\STM32F3xx_HAL_Driver\Src\stm32f3xx_hal_can.o
                0x08001400                HAL_CAN_TxMailbox0CompleteCallback
 .text.HAL_CAN_TxMailbox1CompleteCallback
                0x08001404        0x4 Drivers\STM32F3xx_HAL_Driver\Src\stm32f3xx_hal_can.o
                0x08001404                HAL_CAN_TxMailbox1CompleteCallback
 .text.HAL_CAN_TxMailbox2CompleteCallback
                0x08001408        0x4 Drivers\STM32F3xx_HAL_Driver\Src\stm32f3xx_hal_can.o
                0x08001408                HAL_CAN_TxMailbox2CompleteCallback
 .text.HAL_CAN_TxMailbox0AbortCallback
                0x0800140c        0x4 Drivers\STM32F3xx_HAL_Driver\Src\stm32f3xx_hal_can.o
                0x0800140c                HAL_CAN_TxMailbox0AbortCallback
 .text.HAL_CAN_TxMailbox1AbortCallback
                0x08001410        0x4 Drivers\STM32F3xx_HAL_Driver\Src\stm32f3xx_hal_can.o
                0x08001410                HAL_CAN_TxMailbox1AbortCallback
 .text.HAL_CAN_TxMailbox2AbortCallback
                0x08001414        0x4 Drivers\STM32F3xx_HAL_Driver\Src\stm32f3xx_hal_can.o
                0x08001414                HAL_CAN_TxMailbox2AbortCallback
 .text.HAL_CAN_RxFifo0FullCallback
                0x08001418        0x4 Drivers\STM32F3xx_HAL_Driver\Src\stm32f3xx_hal_can.o
                0x08001418                HAL_CAN_RxFifo0FullCallback
 .text.HAL_CAN_RxFifo1MsgPendingCallback
                0x0800141c        0x4 Drivers\STM32F3xx_HAL_Driver\Src\stm32f3xx_hal_can.o
                0x0800141c                HAL_CAN_RxFifo1MsgPendingCallback
 .text.HAL_CAN_RxFifo1FullCallback
                0x08001420        0x4 Drivers\STM32F3xx_HAL_Driver\Src\stm32f3xx_hal_can.o
                0x08001420                HAL_CAN_RxFifo1FullCallback
 .text.HAL_CAN_SleepCallback
                0x08001424        0x4 Drivers\STM32F3xx_HAL_Driver\Src\stm32f3xx_hal_can.o
                0x08001424                HAL_CAN_SleepCallback
 .text.HAL_CAN_WakeUpFromRxMsgCallback
                0x08001428        0x4 Drivers\STM32F3xx_HAL_Driver\Src\stm32f3xx_hal_can.o
                0x08001428                HAL_CAN_WakeUpFromRxMsgCallback
 .text.HAL_CAN_ErrorCallback
                0x0800142c        0x4 Drivers\STM32F3xx_HAL_Driver\Src\stm32f3xx_hal_can.o
                0x0800142c                HAL_CAN_ErrorCallback
 .text.HAL_CAN_IRQHandler
                0x08001430      0x254 Drivers\STM32F3xx_HAL_Driver\Src\stm32f3xx_hal_can.o
                0x08001430                HAL_CAN_IRQHandler
 .text.HAL_NVIC_SetPriorityGrouping
                0x08001684       0x24 Drivers\STM32F3xx_HAL_Driver\Src\stm32f3xx_hal_cortex.o
                0x08001684                HAL_NVIC_SetPriorityGrouping
 .text.HAL_NVIC_SetPriority
                0x080016a8       0x6c Drivers\STM32F3xx_HAL_Driver\Src\stm32f3xx_hal_cortex.o
                0x080016a8                HAL_NVIC_SetPriority
 .text.HAL_NVIC_EnableIRQ
                0x08001714       0x18 Drivers\STM32F3xx_HAL_Driver\Src\stm32f3xx_hal_cortex.o
                0x08001714                HAL_NVIC_EnableIRQ
 .text.HAL_SYSTICK_Config
                0x0800172c       0x34 Drivers\STM32F3xx_HAL_Driver\Src\stm32f3xx_hal_cortex.o
                0x0800172c                HAL_SYSTICK_Config
 .text.HAL_GPIO_Init
                0x08001760      0x1d4 Drivers\STM32F3xx_HAL_Driver\Src\stm32f3xx_hal_gpio.o
                0x08001760                HAL_GPIO_Init
 .text.HAL_GPIO_WritePin
                0x08001934        0xc Drivers\STM32F3xx_HAL_Driver\Src\stm32f3xx_hal_gpio.o
                0x08001934                HAL_GPIO_WritePin
 .text.HAL_GPIO_TogglePin
                0x08001940        0x8 Drivers\STM32F3xx_HAL_Driver\Src\stm32f3xx_hal_gpio.o
                0x08001940                HAL_GPIO_TogglePin
 .text.HAL_RCC_OscConfig
                0x08001948      0x5a4 Drivers\STM32F3xx_HAL_Driver\Src\stm32f3xx_hal_rcc.o
                0x08001948                HAL_RCC_OscConfig
 .text.HAL_RCC_ClockConfig
                0x08001eec      0x1b8 Drivers\STM32F3xx_HAL_Driver\Src\stm32f3xx_hal_rcc.o
                0x08001eec                HAL_RCC_ClockConfig
 .text.HAL_RCC_GetSysClockFreq
                0x080020a4       0x68 Drivers\STM32F3xx_HAL_Driver\Src\stm32f3xx_hal_rcc.o
                0x080020a4                HAL_RCC_GetSysClockFreq
 .text.HAL_RCC_GetPCLK1Freq
                0x0800210c       0x30 Drivers\STM32F3xx_HAL_Driver\Src\stm32f3xx_hal_rcc.o
                0x0800210c                HAL_RCC_GetPCLK1Freq
 .text.HAL_RCC_GetPCLK2Freq
                0x0800213c       0x30 Drivers\STM32F3xx_HAL_Driver\Src\stm32f3xx_hal_rcc.o
                0x0800213c                HAL_RCC_GetPCLK2Freq
 .text.HAL_TIM_Base_Init
                0x0800216c       0xe0 Drivers\STM32F3xx_HAL_Driver\Src\stm32f3xx_hal_tim.o
                0x0800216c                HAL_TIM_Base_Init
 .text.HAL_TIM_Base_Start_IT
                0x0800224c       0x18 Drivers\STM32F3xx_HAL_Driver\Src\stm32f3xx_hal_tim.o
                0x0800224c                HAL_TIM_Base_Start_IT
 .text.HAL_TIM_OC_DelayElapsedCallback
                0x08002264        0x4 Drivers\STM32F3xx_HAL_Driver\Src\stm32f3xx_hal_tim.o
                0x08002264                HAL_TIM_OC_DelayElapsedCallback
 .text.HAL_TIM_IC_CaptureCallback
                0x08002268        0x4 Drivers\STM32F3xx_HAL_Driver\Src\stm32f3xx_hal_tim.o
                0x08002268                HAL_TIM_IC_CaptureCallback
 .text.HAL_TIM_PWM_PulseFinishedCallback
                0x0800226c        0x4 Drivers\STM32F3xx_HAL_Driver\Src\stm32f3xx_hal_tim.o
                0x0800226c                HAL_TIM_PWM_PulseFinishedCallback
 .text.HAL_TIM_TriggerCallback
                0x08002270        0x4 Drivers\STM32F3xx_HAL_Driver\Src\stm32f3xx_hal_tim.o
                0x08002270                HAL_TIM_TriggerCallback
 .text.HAL_TIM_IRQHandler
                0x08002274      0x170 Drivers\STM32F3xx_HAL_Driver\Src\stm32f3xx_hal_tim.o
                0x08002274                HAL_TIM_IRQHandler
 .text.HAL_TIMEx_MasterConfigSynchronization
                0x080023e4       0x4c Drivers\STM32F3xx_HAL_Driver\Src\stm32f3xx_hal_tim_ex.o
                0x080023e4                HAL_TIMEx_MasterConfigSynchronization
 .text.HAL_TIMEx_CommutationCallback
                0x08002430        0x4 Drivers\STM32F3xx_HAL_Driver\Src\stm32f3xx_hal_tim_ex.o
                0x08002430                HAL_TIMEx_CommutationCallback
 .text.HAL_TIMEx_BreakCallback
                0x08002434        0x4 Drivers\STM32F3xx_HAL_Driver\Src\stm32f3xx_hal_tim_ex.o
                0x08002434                HAL_TIMEx_BreakCallback
 .text.HAL_TIMEx_Break2Callback
                0x08002438        0x4 Drivers\STM32F3xx_HAL_Driver\Src\stm32f3xx_hal_tim_ex.o
                0x08002438                HAL_TIMEx_Break2Callback
 .text.UART_AdvFeatureConfig
                0x0800243c       0xb0 Drivers\STM32F3xx_HAL_Driver\Src\stm32f3xx_hal_uart.o
                0x0800243c                UART_AdvFeatureConfig
 .text.HAL_UART_Init
                0x080024ec      0x258 Drivers\STM32F3xx_HAL_Driver\Src\stm32f3xx_hal_uart.o
                0x080024ec                HAL_UART_Init
 .text.HAL_CAN_RxFifo0MsgPendingCallback
                0x08002744       0x28 Inc\CAN\CAN.o
                0x08002744                HAL_CAN_RxFifo0MsgPendingCallback
 .text._ZN6CanBus4SendEmhPh
                0x0800276c       0xc4 Inc\CAN\CAN.o
                0x0800276c                CanBus::Send(unsigned long, unsigned char, unsigned char*)
 .text.HAL_TIM_PeriodElapsedCallback
                0x08002830       0x2c Inc\InterruptIvent\interrupt.o
                0x08002830                HAL_TIM_PeriodElapsedCallback
 .text._ZN12localization10SendReqestEv
                0x0800285c       0x24 Inc\localization\localization.o
                0x0800285c                localization::SendReqest()
 .text.MX_CAN_Init
                0x08002880       0x48 Src\can.o
                0x08002880                MX_CAN_Init
 .text.HAL_CAN_MspInit
                0x080028c8       0x88 Src\can.o
                0x080028c8                HAL_CAN_MspInit
 .text.MX_GPIO_Init
                0x08002950       0x94 Src\gpio.o
                0x08002950                MX_GPIO_Init
 .text._Z18SystemClock_Configv
                0x080029e4       0x44 Src\main.o
                0x080029e4                SystemClock_Config()
 .text.startup.main
                0x08002a28      0x294 Src\main.o
                0x08002a28                main
 .text.Error_Handler
                0x08002cbc        0x4 Src\main.o
                0x08002cbc                Error_Handler
 .text.HAL_MspInit
                0x08002cc0       0x30 Src\stm32f3xx_hal_msp.o
                0x08002cc0                HAL_MspInit
 .text.NMI_Handler
                0x08002cf0        0x4 Src\stm32f3xx_it.o
                0x08002cf0                NMI_Handler
 .text.HardFault_Handler
                0x08002cf4        0x4 Src\stm32f3xx_it.o
                0x08002cf4                HardFault_Handler
 .text.MemManage_Handler
                0x08002cf8        0x4 Src\stm32f3xx_it.o
                0x08002cf8                MemManage_Handler
 .text.BusFault_Handler
                0x08002cfc        0x4 Src\stm32f3xx_it.o
                0x08002cfc                BusFault_Handler
 .text.UsageFault_Handler
                0x08002d00        0x4 Src\stm32f3xx_it.o
                0x08002d00                UsageFault_Handler
 .text.SVC_Handler
                0x08002d04        0x4 Src\stm32f3xx_it.o
                0x08002d04                SVC_Handler
 .text.DebugMon_Handler
                0x08002d08        0x4 Src\stm32f3xx_it.o
                0x08002d08                DebugMon_Handler
 .text.PendSV_Handler
                0x08002d0c        0x4 Src\stm32f3xx_it.o
                0x08002d0c                PendSV_Handler
 .text.SysTick_Handler
                0x08002d10        0x4 Src\stm32f3xx_it.o
                0x08002d10                SysTick_Handler
 .text.CAN_RX0_IRQHandler
                0x08002d14        0xc Src\stm32f3xx_it.o
                0x08002d14                CAN_RX0_IRQHandler
 .text.CAN_RX1_IRQHandler
                0x08002d20        0xc Src\stm32f3xx_it.o
                0x08002d20                CAN_RX1_IRQHandler
 .text.TIM6_DAC1_IRQHandler
                0x08002d2c        0xc Src\stm32f3xx_it.o
                0x08002d2c                TIM6_DAC1_IRQHandler
 .text._getpid  0x08002d38        0x4 Src\syscalls.o
                0x08002d38                _getpid
 .text._kill    0x08002d3c       0x10 Src\syscalls.o
                0x08002d3c                _kill
 .text._exit    0x08002d4c        0xc Src\syscalls.o
                0x08002d4c                _exit
 .text._read    0x08002d58       0x1c Src\syscalls.o
                0x08002d58                _read
 .text._write   0x08002d74       0x1c Src\syscalls.o
                0x08002d74                _write
 .text._sbrk    0x08002d90       0x34 Src\syscalls.o
                0x08002d90                _sbrk
 .text._close   0x08002dc4        0x8 Src\syscalls.o
                0x08002dc4                _close
 .text._fstat   0x08002dcc        0xc Src\syscalls.o
                0x08002dcc                _fstat
 .text._isatty  0x08002dd8        0x4 Src\syscalls.o
                0x08002dd8                _isatty
 .text._lseek   0x08002ddc        0x4 Src\syscalls.o
                0x08002ddc                _lseek
 .text.SystemInit
                0x08002de0       0x70 Src\system_stm32f3xx.o
                0x08002de0                SystemInit
 .text.MX_TIM6_Init
                0x08002e50       0x4c Src\tim.o
                0x08002e50                MX_TIM6_Init
 .text.HAL_TIM_Base_MspInit
                0x08002e9c       0x40 Src\tim.o
                0x08002e9c                HAL_TIM_Base_MspInit
 .text.MX_USART2_UART_Init
                0x08002edc       0x3c Src\usart.o
                0x08002edc                MX_USART2_UART_Init
 .text.HAL_UART_MspInit
                0x08002f18       0x6c Src\usart.o
                0x08002f18                HAL_UART_MspInit
 .text.Reset_Handler
                0x08002f84       0x50 startup\startup_stm32f303x8.o
                0x08002f84                Reset_Handler
 .text.Default_Handler
                0x08002fd4        0x2 startup\startup_stm32f303x8.o
                0x08002fd4                RTC_Alarm_IRQHandler
                0x08002fd4                TIM1_CC_IRQHandler
                0x08002fd4                PVD_IRQHandler
                0x08002fd4                TAMP_STAMP_IRQHandler
                0x08002fd4                EXTI3_IRQHandler
                0x08002fd4                EXTI0_IRQHandler
                0x08002fd4                FPU_IRQHandler
                0x08002fd4                CAN_TX_IRQHandler
                0x08002fd4                TIM1_UP_TIM16_IRQHandler
                0x08002fd4                ADC1_2_IRQHandler
                0x08002fd4                SPI1_IRQHandler
                0x08002fd4                CAN_SCE_IRQHandler
                0x08002fd4                DMA1_Channel4_IRQHandler
                0x08002fd4                USART3_IRQHandler
                0x08002fd4                DMA1_Channel7_IRQHandler
                0x08002fd4                TIM7_DAC2_IRQHandler
                0x08002fd4                I2C1_EV_IRQHandler
                0x08002fd4                DMA1_Channel6_IRQHandler
                0x08002fd4                TIM3_IRQHandler
                0x08002fd4                RCC_IRQHandler
                0x08002fd4                DMA1_Channel1_IRQHandler
                0x08002fd4                Default_Handler
                0x08002fd4                EXTI15_10_IRQHandler
                0x08002fd4                COMP2_IRQHandler
                0x08002fd4                EXTI9_5_IRQHandler
                0x08002fd4                RTC_WKUP_IRQHandler
                0x08002fd4                DMA1_Channel5_IRQHandler
                0x08002fd4                EXTI4_IRQHandler
                0x08002fd4                TIM1_TRG_COM_TIM17_IRQHandler
                0x08002fd4                DMA1_Channel3_IRQHandler
                0x08002fd4                WWDG_IRQHandler
                0x08002fd4                TIM2_IRQHandler
                0x08002fd4                EXTI1_IRQHandler
                0x08002fd4                COMP4_6_IRQHandler
                0x08002fd4                USART2_IRQHandler
                0x08002fd4                DMA1_Channel2_IRQHandler
                0x08002fd4                FLASH_IRQHandler
                0x08002fd4                USART1_IRQHandler
                0x08002fd4                I2C1_ER_IRQHandler
                0x08002fd4                EXTI2_TSC_IRQHandler
                0x08002fd4                TIM1_BRK_TIM15_IRQHandler
 *fill*         0x08002fd6        0x2 
 .text.__errno  0x08002fd8        0xc c:/program files (x86)/atollic/truestudio for stm32 9.0.1/armtools/bin/../lib/gcc/arm-atollic-eabi/6.3.1/../../../../arm-atollic-eabi/lib/armv7e-m/fpu\libc_nano.a(lib_a-errno.o)
                0x08002fd8                __errno
 .text.__libc_init_array
                0x08002fe4       0x48 c:/program files (x86)/atollic/truestudio for stm32 9.0.1/armtools/bin/../lib/gcc/arm-atollic-eabi/6.3.1/../../../../arm-atollic-eabi/lib/armv7e-m/fpu\libc_nano.a(lib_a-init.o)
                0x08002fe4                __libc_init_array
 .text.memset   0x0800302c       0x10 c:/program files (x86)/atollic/truestudio for stm32 9.0.1/armtools/bin/../lib/gcc/arm-atollic-eabi/6.3.1/../../../../arm-atollic-eabi/lib/armv7e-m/fpu\libc_nano.a(lib_a-memset.o)
                0x0800302c                memset
 .text.printf   0x0800303c       0x30 c:/program files (x86)/atollic/truestudio for stm32 9.0.1/armtools/bin/../lib/gcc/arm-atollic-eabi/6.3.1/../../../../arm-atollic-eabi/lib/armv7e-m/fpu\libc_nano.a(lib_a-printf.o)
                0x0800303c                iprintf
                0x0800303c                printf
 .text._cleanup_r
                0x0800306c        0xc c:/program files (x86)/atollic/truestudio for stm32 9.0.1/armtools/bin/../lib/gcc/arm-atollic-eabi/6.3.1/../../../../arm-atollic-eabi/lib/armv7e-m/fpu\libc_nano.a(lib_a-findfp.o)
                0x0800306c                _cleanup_r
 .text.std.isra.0
                0x08003078       0x48 c:/program files (x86)/atollic/truestudio for stm32 9.0.1/armtools/bin/../lib/gcc/arm-atollic-eabi/6.3.1/../../../../arm-atollic-eabi/lib/armv7e-m/fpu\libc_nano.a(lib_a-findfp.o)
 .text.__sfmoreglue
                0x080030c0       0x2c c:/program files (x86)/atollic/truestudio for stm32 9.0.1/armtools/bin/../lib/gcc/arm-atollic-eabi/6.3.1/../../../../arm-atollic-eabi/lib/armv7e-m/fpu\libc_nano.a(lib_a-findfp.o)
                0x080030c0                __sfmoreglue
 .text.__sinit  0x080030ec       0x60 c:/program files (x86)/atollic/truestudio for stm32 9.0.1/armtools/bin/../lib/gcc/arm-atollic-eabi/6.3.1/../../../../arm-atollic-eabi/lib/armv7e-m/fpu\libc_nano.a(lib_a-findfp.o)
                0x080030ec                __sinit
 .text.__sfp    0x0800314c       0x78 c:/program files (x86)/atollic/truestudio for stm32 9.0.1/armtools/bin/../lib/gcc/arm-atollic-eabi/6.3.1/../../../../arm-atollic-eabi/lib/armv7e-m/fpu\libc_nano.a(lib_a-findfp.o)
                0x0800314c                __sfp
 .text._fwalk_reent
                0x080031c4       0x3c c:/program files (x86)/atollic/truestudio for stm32 9.0.1/armtools/bin/../lib/gcc/arm-atollic-eabi/6.3.1/../../../../arm-atollic-eabi/lib/armv7e-m/fpu\libc_nano.a(lib_a-fwalk.o)
                0x080031c4                _fwalk_reent
 .text._malloc_r
                0x08003200       0xbc c:/program files (x86)/atollic/truestudio for stm32 9.0.1/armtools/bin/../lib/gcc/arm-atollic-eabi/6.3.1/../../../../arm-atollic-eabi/lib/armv7e-m/fpu\libc_nano.a(lib_a-nano-mallocr.o)
                0x08003200                _malloc_r
 .text.__sfputc_r
                0x080032bc       0x30 c:/program files (x86)/atollic/truestudio for stm32 9.0.1/armtools/bin/../lib/gcc/arm-atollic-eabi/6.3.1/../../../../arm-atollic-eabi/lib/armv7e-m/fpu\libc_nano.a(lib_a-nano-vfprintf.o)
 .text.__sfputs_r
                0x080032ec       0x24 c:/program files (x86)/atollic/truestudio for stm32 9.0.1/armtools/bin/../lib/gcc/arm-atollic-eabi/6.3.1/../../../../arm-atollic-eabi/lib/armv7e-m/fpu\libc_nano.a(lib_a-nano-vfprintf.o)
                0x080032ec                __sfputs_r
 .text._vfprintf_r
                0x08003310      0x22c c:/program files (x86)/atollic/truestudio for stm32 9.0.1/armtools/bin/../lib/gcc/arm-atollic-eabi/6.3.1/../../../../arm-atollic-eabi/lib/armv7e-m/fpu\libc_nano.a(lib_a-nano-vfprintf.o)
                0x08003310                _vfprintf_r
                0x08003310                _vfiprintf_r
 .text._printf_common
                0x0800353c       0xec c:/program files (x86)/atollic/truestudio for stm32 9.0.1/armtools/bin/../lib/gcc/arm-atollic-eabi/6.3.1/../../../../arm-atollic-eabi/lib/armv7e-m/fpu\libc_nano.a(lib_a-nano-vfprintf_i.o)
                0x0800353c                _printf_common
 .text._printf_i
                0x08003628      0x240 c:/program files (x86)/atollic/truestudio for stm32 9.0.1/armtools/bin/../lib/gcc/arm-atollic-eabi/6.3.1/../../../../arm-atollic-eabi/lib/armv7e-m/fpu\libc_nano.a(lib_a-nano-vfprintf_i.o)
                0x08003628                _printf_i
 .text._sbrk_r  0x08003868       0x20 c:/program files (x86)/atollic/truestudio for stm32 9.0.1/armtools/bin/../lib/gcc/arm-atollic-eabi/6.3.1/../../../../arm-atollic-eabi/lib/armv7e-m/fpu\libc_nano.a(lib_a-sbrkr.o)
                0x08003868                _sbrk_r
 .text.__sread  0x08003888       0x22 c:/program files (x86)/atollic/truestudio for stm32 9.0.1/armtools/bin/../lib/gcc/arm-atollic-eabi/6.3.1/../../../../arm-atollic-eabi/lib/armv7e-m/fpu\libc_nano.a(lib_a-stdio.o)
                0x08003888                __sread
 .text.__swrite
                0x080038aa       0x38 c:/program files (x86)/atollic/truestudio for stm32 9.0.1/armtools/bin/../lib/gcc/arm-atollic-eabi/6.3.1/../../../../arm-atollic-eabi/lib/armv7e-m/fpu\libc_nano.a(lib_a-stdio.o)
                0x080038aa                __swrite
 .text.__sseek  0x080038e2       0x24 c:/program files (x86)/atollic/truestudio for stm32 9.0.1/armtools/bin/../lib/gcc/arm-atollic-eabi/6.3.1/../../../../arm-atollic-eabi/lib/armv7e-m/fpu\libc_nano.a(lib_a-stdio.o)
                0x080038e2                __sseek
 .text.__sclose
                0x08003906        0x8 c:/program files (x86)/atollic/truestudio for stm32 9.0.1/armtools/bin/../lib/gcc/arm-atollic-eabi/6.3.1/../../../../arm-atollic-eabi/lib/armv7e-m/fpu\libc_nano.a(lib_a-stdio.o)
                0x08003906                __sclose
 *fill*         0x0800390e        0x2 
 .text.__swbuf_r
                0x08003910       0xa4 c:/program files (x86)/atollic/truestudio for stm32 9.0.1/armtools/bin/../lib/gcc/arm-atollic-eabi/6.3.1/../../../../arm-atollic-eabi/lib/armv7e-m/fpu\libc_nano.a(lib_a-wbuf.o)
                0x08003910                __swbuf_r
 .text._write_r
                0x080039b4       0x24 c:/program files (x86)/atollic/truestudio for stm32 9.0.1/armtools/bin/../lib/gcc/arm-atollic-eabi/6.3.1/../../../../arm-atollic-eabi/lib/armv7e-m/fpu\libc_nano.a(lib_a-writer.o)
                0x080039b4                _write_r
 .text.__swsetup_r
                0x080039d8       0xdc c:/program files (x86)/atollic/truestudio for stm32 9.0.1/armtools/bin/../lib/gcc/arm-atollic-eabi/6.3.1/../../../../arm-atollic-eabi/lib/armv7e-m/fpu\libc_nano.a(lib_a-wsetup.o)
                0x080039d8                __swsetup_r
 .text._close_r
                0x08003ab4       0x20 c:/program files (x86)/atollic/truestudio for stm32 9.0.1/armtools/bin/../lib/gcc/arm-atollic-eabi/6.3.1/../../../../arm-atollic-eabi/lib/armv7e-m/fpu\libc_nano.a(lib_a-closer.o)
                0x08003ab4                _close_r
 .text.__sflush_r
                0x08003ad4      0x110 c:/program files (x86)/atollic/truestudio for stm32 9.0.1/armtools/bin/../lib/gcc/arm-atollic-eabi/6.3.1/../../../../arm-atollic-eabi/lib/armv7e-m/fpu\libc_nano.a(lib_a-fflush.o)
                0x08003ad4                __sflush_r
 .text._fflush_r
                0x08003be4       0x54 c:/program files (x86)/atollic/truestudio for stm32 9.0.1/armtools/bin/../lib/gcc/arm-atollic-eabi/6.3.1/../../../../arm-atollic-eabi/lib/armv7e-m/fpu\libc_nano.a(lib_a-fflush.o)
                0x08003be4                _fflush_r
 .text._lseek_r
                0x08003c38       0x24 c:/program files (x86)/atollic/truestudio for stm32 9.0.1/armtools/bin/../lib/gcc/arm-atollic-eabi/6.3.1/../../../../arm-atollic-eabi/lib/armv7e-m/fpu\libc_nano.a(lib_a-lseekr.o)
                0x08003c38                _lseek_r
 .text.__swhatbuf_r
                0x08003c5c       0x48 c:/program files (x86)/atollic/truestudio for stm32 9.0.1/armtools/bin/../lib/gcc/arm-atollic-eabi/6.3.1/../../../../arm-atollic-eabi/lib/armv7e-m/fpu\libc_nano.a(lib_a-makebuf.o)
                0x08003c5c                __swhatbuf_r
 .text.__smakebuf_r
                0x08003ca4       0x80 c:/program files (x86)/atollic/truestudio for stm32 9.0.1/armtools/bin/../lib/gcc/arm-atollic-eabi/6.3.1/../../../../arm-atollic-eabi/lib/armv7e-m/fpu\libc_nano.a(lib_a-makebuf.o)
                0x08003ca4                __smakebuf_r
 .text.memcpy   0x08003d24       0x16 c:/program files (x86)/atollic/truestudio for stm32 9.0.1/armtools/bin/../lib/gcc/arm-atollic-eabi/6.3.1/../../../../arm-atollic-eabi/lib/armv7e-m/fpu\libc_nano.a(lib_a-memcpy-stub.o)
                0x08003d24                memcpy
 .text.__malloc_lock
                0x08003d3a        0x2 c:/program files (x86)/atollic/truestudio for stm32 9.0.1/armtools/bin/../lib/gcc/arm-atollic-eabi/6.3.1/../../../../arm-atollic-eabi/lib/armv7e-m/fpu\libc_nano.a(lib_a-mlock.o)
                0x08003d3a                __malloc_lock
 .text.__malloc_unlock
                0x08003d3c        0x2 c:/program files (x86)/atollic/truestudio for stm32 9.0.1/armtools/bin/../lib/gcc/arm-atollic-eabi/6.3.1/../../../../arm-atollic-eabi/lib/armv7e-m/fpu\libc_nano.a(lib_a-mlock.o)
                0x08003d3c                __malloc_unlock
 *fill*         0x08003d3e        0x2 
 .text._free_r  0x08003d40       0x9c c:/program files (x86)/atollic/truestudio for stm32 9.0.1/armtools/bin/../lib/gcc/arm-atollic-eabi/6.3.1/../../../../arm-atollic-eabi/lib/armv7e-m/fpu\libc_nano.a(lib_a-nano-freer.o)
                0x08003d40                _free_r
 .text._read_r  0x08003ddc       0x24 c:/program files (x86)/atollic/truestudio for stm32 9.0.1/armtools/bin/../lib/gcc/arm-atollic-eabi/6.3.1/../../../../arm-atollic-eabi/lib/armv7e-m/fpu\libc_nano.a(lib_a-readr.o)
                0x08003ddc                _read_r
 .text._fstat_r
                0x08003e00       0x24 c:/program files (x86)/atollic/truestudio for stm32 9.0.1/armtools/bin/../lib/gcc/arm-atollic-eabi/6.3.1/../../../../arm-atollic-eabi/lib/armv7e-m/fpu\libc_nano.a(lib_a-fstatr.o)
                0x08003e00                _fstat_r
 .text._isatty_r
                0x08003e24       0x20 c:/program files (x86)/atollic/truestudio for stm32 9.0.1/armtools/bin/../lib/gcc/arm-atollic-eabi/6.3.1/../../../../arm-atollic-eabi/lib/armv7e-m/fpu\libc_nano.a(lib_a-isattyr.o)
                0x08003e24                _isatty_r
 .text.abort    0x08003e44        0xe c:/program files (x86)/atollic/truestudio for stm32 9.0.1/armtools/bin/../lib/gcc/arm-atollic-eabi/6.3.1/../../../../arm-atollic-eabi/lib/armv7e-m/fpu\libc_nano.a(lib_a-abort.o)
                0x08003e44                abort
 .text._raise_r
                0x08003e52       0x50 c:/program files (x86)/atollic/truestudio for stm32 9.0.1/armtools/bin/../lib/gcc/arm-atollic-eabi/6.3.1/../../../../arm-atollic-eabi/lib/armv7e-m/fpu\libc_nano.a(lib_a-signal.o)
                0x08003e52                _raise_r
 *fill*         0x08003ea2        0x2 
 .text.raise    0x08003ea4       0x10 c:/program files (x86)/atollic/truestudio for stm32 9.0.1/armtools/bin/../lib/gcc/arm-atollic-eabi/6.3.1/../../../../arm-atollic-eabi/lib/armv7e-m/fpu\libc_nano.a(lib_a-signal.o)
                0x08003ea4                raise
 .text._kill_r  0x08003eb4       0x24 c:/program files (x86)/atollic/truestudio for stm32 9.0.1/armtools/bin/../lib/gcc/arm-atollic-eabi/6.3.1/../../../../arm-atollic-eabi/lib/armv7e-m/fpu\libc_nano.a(lib_a-signalr.o)
                0x08003eb4                _kill_r
 .text._getpid_r
                0x08003ed8        0x4 c:/program files (x86)/atollic/truestudio for stm32 9.0.1/armtools/bin/../lib/gcc/arm-atollic-eabi/6.3.1/../../../../arm-atollic-eabi/lib/armv7e-m/fpu\libc_nano.a(lib_a-signalr.o)
                0x08003ed8                _getpid_r
 *(.glue_7)
 .glue_7        0x08003edc        0x0 linker stubs
 *(.glue_7t)
 .glue_7t       0x08003edc        0x0 linker stubs
 *(.eh_frame)
 .eh_frame      0x08003edc        0x0 c:/program files (x86)/atollic/truestudio for stm32 9.0.1/armtools/bin/../lib/gcc/arm-atollic-eabi/6.3.1/armv7e-m/fpu/crtbegin.o
 *(.init)
 .init          0x08003edc        0x4 c:/program files (x86)/atollic/truestudio for stm32 9.0.1/armtools/bin/../lib/gcc/arm-atollic-eabi/6.3.1/armv7e-m/fpu/crti.o
                0x08003edc                _init
 .init          0x08003ee0        0x8 c:/program files (x86)/atollic/truestudio for stm32 9.0.1/armtools/bin/../lib/gcc/arm-atollic-eabi/6.3.1/armv7e-m/fpu/crtn.o
 *(.fini)
 .fini          0x08003ee8        0x4 c:/program files (x86)/atollic/truestudio for stm32 9.0.1/armtools/bin/../lib/gcc/arm-atollic-eabi/6.3.1/armv7e-m/fpu/crti.o
                0x08003ee8                _fini
 .fini          0x08003eec        0x8 c:/program files (x86)/atollic/truestudio for stm32 9.0.1/armtools/bin/../lib/gcc/arm-atollic-eabi/6.3.1/armv7e-m/fpu/crtn.o
                0x08003ef4                . = ALIGN (0x4)
                0x08003ef4                _etext = .

.vfp11_veneer   0x08003ef4        0x0
 .vfp11_veneer  0x08003ef4        0x0 linker stubs

.v4_bx          0x08003ef4        0x0
 .v4_bx         0x08003ef4        0x0 linker stubs

.iplt           0x08003ef4        0x0
 .iplt          0x08003ef4        0x0 c:/program files (x86)/atollic/truestudio for stm32 9.0.1/armtools/bin/../lib/gcc/arm-atollic-eabi/6.3.1/armv7e-m/fpu/crtbegin.o

.rodata         0x08003ef4      0x144
                0x08003ef4                . = ALIGN (0x4)
 *(.rodata)
 *(.rodata*)
 .rodata.aPLLMULFactorTable
                0x08003ef4       0x10 Drivers\STM32F3xx_HAL_Driver\Src\stm32f3xx_hal_rcc.o
                0x08003ef4                aPLLMULFactorTable
 .rodata.aPredivFactorTable
                0x08003f04       0x10 Drivers\STM32F3xx_HAL_Driver\Src\stm32f3xx_hal_rcc.o
                0x08003f04                aPredivFactorTable
 .rodata.CSWTCH.45
                0x08003f14        0x4 Drivers\STM32F3xx_HAL_Driver\Src\stm32f3xx_hal_uart.o
 .rodata.str1.4
                0x08003f18       0x70 Inc\CAN\CAN.o
                                 0x6e (size before relaxing)
 .rodata.AHBPrescTable
                0x08003f88       0x10 Src\system_stm32f3xx.o
                0x08003f88                AHBPrescTable
 .rodata.APBPrescTable
                0x08003f98        0x8 Src\system_stm32f3xx.o
                0x08003f98                APBPrescTable
 .rodata._global_impure_ptr
                0x08003fa0        0x4 c:/program files (x86)/atollic/truestudio for stm32 9.0.1/armtools/bin/../lib/gcc/arm-atollic-eabi/6.3.1/../../../../arm-atollic-eabi/lib/armv7e-m/fpu\libc_nano.a(lib_a-impure.o)
                0x08003fa0                _global_impure_ptr
 .rodata.__sf_fake_stderr
                0x08003fa4       0x20 c:/program files (x86)/atollic/truestudio for stm32 9.0.1/armtools/bin/../lib/gcc/arm-atollic-eabi/6.3.1/../../../../arm-atollic-eabi/lib/armv7e-m/fpu\libc_nano.a(lib_a-findfp.o)
                0x08003fa4                __sf_fake_stderr
 .rodata.__sf_fake_stdin
                0x08003fc4       0x20 c:/program files (x86)/atollic/truestudio for stm32 9.0.1/armtools/bin/../lib/gcc/arm-atollic-eabi/6.3.1/../../../../arm-atollic-eabi/lib/armv7e-m/fpu\libc_nano.a(lib_a-findfp.o)
                0x08003fc4                __sf_fake_stdin
 .rodata.__sf_fake_stdout
                0x08003fe4       0x20 c:/program files (x86)/atollic/truestudio for stm32 9.0.1/armtools/bin/../lib/gcc/arm-atollic-eabi/6.3.1/../../../../arm-atollic-eabi/lib/armv7e-m/fpu\libc_nano.a(lib_a-findfp.o)
                0x08003fe4                __sf_fake_stdout
 .rodata._vfprintf_r.str1.1
                0x08004004       0x11 c:/program files (x86)/atollic/truestudio for stm32 9.0.1/armtools/bin/../lib/gcc/arm-atollic-eabi/6.3.1/../../../../arm-atollic-eabi/lib/armv7e-m/fpu\libc_nano.a(lib_a-nano-vfprintf.o)
 .rodata._printf_i.str1.1
                0x08004015       0x22 c:/program files (x86)/atollic/truestudio for stm32 9.0.1/armtools/bin/../lib/gcc/arm-atollic-eabi/6.3.1/../../../../arm-atollic-eabi/lib/armv7e-m/fpu\libc_nano.a(lib_a-nano-vfprintf_i.o)
                0x08004038                . = ALIGN (0x4)
 *fill*         0x08004037        0x1 

.ARM.extab      0x08004038       0x3c
 *(.ARM.extab* .gnu.linkonce.armextab.*)
 .ARM.extab.text.HAL_TIM_PeriodElapsedCallback
                0x08004038        0xc Inc\InterruptIvent\interrupt.o
 .ARM.extab.text._ZN12localization10SendReqestEv
                0x08004044        0xc Inc\localization\localization.o
 .ARM.extab.text.startup.main
                0x08004050        0xc Src\main.o
 .ARM.extab     0x0800405c       0x18 c:/program files (x86)/atollic/truestudio for stm32 9.0.1/armtools/bin/../lib/gcc/arm-atollic-eabi/6.3.1/armv7e-m/fpu\libgcc.a(pr-support.o)

.ARM            0x08004074       0xf8
                0x08004074                __exidx_start = .
 *(.ARM.exidx*)
 .ARM.exidx.text.HAL_CAN_RxFifo0MsgPendingCallback
                0x0800412c        0x8 Inc\CAN\CAN.o
 .ARM.exidx.text._ZN6CanBus4SendEmhPh
                0x08004134        0x8 Inc\CAN\CAN.o
 .ARM.exidx.text.HAL_TIM_PeriodElapsedCallback
                0x0800413c        0x8 Inc\InterruptIvent\interrupt.o
 .ARM.exidx.text._ZN12localization10SendReqestEv
                0x08004144       0x10 Inc\localization\localization.o
                                  0x8 (size before relaxing)
 .ARM.exidx.text._Z18SystemClock_Configv
                0x08004154        0x8 Src\main.o
 .ARM.exidx.text.startup.main
                0x0800415c        0x8 Src\main.o
 .ARM.exidx.text.Error_Handler
                0x08004164        0x8 Src\main.o
 .ARM.exidx     0x08004074       0x80 c:/program files (x86)/atollic/truestudio for stm32 9.0.1/armtools/bin/../lib/gcc/arm-atollic-eabi/6.3.1/armv7e-m/fpu\libgcc.a(unwind-arm.o)
                                 0xd8 (size before relaxing)
 .ARM.exidx     0x080040f4       0x38 c:/program files (x86)/atollic/truestudio for stm32 9.0.1/armtools/bin/../lib/gcc/arm-atollic-eabi/6.3.1/armv7e-m/fpu\libgcc.a(pr-support.o)
                                 0x48 (size before relaxing)
                0x0800416c                __exidx_end = .

.rel.dyn        0x0800416c        0x0
 .rel.iplt      0x0800416c        0x0 c:/program files (x86)/atollic/truestudio for stm32 9.0.1/armtools/bin/../lib/gcc/arm-atollic-eabi/6.3.1/armv7e-m/fpu/crtbegin.o

.preinit_array  0x0800416c        0x0
                0x0800416c                PROVIDE (__preinit_array_start, .)
 *(.preinit_array*)
                0x0800416c                PROVIDE (__preinit_array_end, .)

.init_array     0x0800416c        0x4
                0x0800416c                PROVIDE (__init_array_start, .)
 *(SORT(.init_array.*))
 *(.init_array*)
 .init_array    0x0800416c        0x4 c:/program files (x86)/atollic/truestudio for stm32 9.0.1/armtools/bin/../lib/gcc/arm-atollic-eabi/6.3.1/armv7e-m/fpu/crtbegin.o
                0x08004170                PROVIDE (__init_array_end, .)

.fini_array     0x08004170        0x4
                [!provide]                PROVIDE (__fini_array_start, .)
 *(SORT(.fini_array.*))
 *(.fini_array*)
 .fini_array    0x08004170        0x4 c:/program files (x86)/atollic/truestudio for stm32 9.0.1/armtools/bin/../lib/gcc/arm-atollic-eabi/6.3.1/armv7e-m/fpu/crtbegin.o
                [!provide]                PROVIDE (__fini_array_end, .)
                0x08004174                _sidata = LOADADDR (.data)

.data           0x20000000       0x70 load address 0x08004174
                0x20000000                . = ALIGN (0x4)
                0x20000000                _sdata = .
 *(.data)
 *(.data*)
 .data.uwTickFreq
                0x20000000        0x1 Drivers\STM32F3xx_HAL_Driver\Src\stm32f3xx_hal.o
                0x20000000                uwTickFreq
 *fill*         0x20000001        0x3 
 .data.uwTickPrio
                0x20000004        0x4 Drivers\STM32F3xx_HAL_Driver\Src\stm32f3xx_hal.o
                0x20000004                uwTickPrio
 .data.SystemCoreClock
                0x20000008        0x4 Src\system_stm32f3xx.o
                0x20000008                SystemCoreClock
 .data._impure_ptr
                0x2000000c        0x4 c:/program files (x86)/atollic/truestudio for stm32 9.0.1/armtools/bin/../lib/gcc/arm-atollic-eabi/6.3.1/../../../../arm-atollic-eabi/lib/armv7e-m/fpu\libc_nano.a(lib_a-impure.o)
                0x2000000c                _impure_ptr
 .data.impure_data
                0x20000010       0x60 c:/program files (x86)/atollic/truestudio for stm32 9.0.1/armtools/bin/../lib/gcc/arm-atollic-eabi/6.3.1/../../../../arm-atollic-eabi/lib/armv7e-m/fpu\libc_nano.a(lib_a-impure.o)
                0x20000070                . = ALIGN (0x4)
                0x20000070                _edata = .
                0x080041e4                _siccmram = LOADADDR (.ccmram)

.igot.plt       0x20000070        0x0 load address 0x080041e4
 .igot.plt      0x20000070        0x0 c:/program files (x86)/atollic/truestudio for stm32 9.0.1/armtools/bin/../lib/gcc/arm-atollic-eabi/6.3.1/armv7e-m/fpu/crtbegin.o

.ccmram         0x10000000        0x0 load address 0x080041e4
                0x10000000                . = ALIGN (0x4)
                0x10000000                _sccmram = .
 *(.ccmram)
 *(.ccmram*)
                0x10000000                . = ALIGN (0x4)
                0x10000000                _eccmram = .
                0x10000000                . = ALIGN (0x4)

.bss            0x20000070      0x13c
                0x20000070                _sbss = .
                0x20000070                __bss_start__ = _sbss
 *(.bss)
 .bss           0x20000070       0x1c c:/program files (x86)/atollic/truestudio for stm32 9.0.1/armtools/bin/../lib/gcc/arm-atollic-eabi/6.3.1/armv7e-m/fpu/crtbegin.o
 .bss           0x2000008c       0x25 Inc\CAN\CAN.o
                0x2000008c                RxFIFO_Data
                0x20000094                RXmsg
                0x200000b0                CanRxFlag
 *fill*         0x200000b1        0x3 
 .bss           0x200000b4        0x8 Inc\InterruptIvent\interrupt.o
                0x200000b4                IntFlag
                0x200000b8                warikan
 .bss           0x200000bc        0x4 Src\main.o
                0x200000bc                plow
 *(.bss*)
 .bss.heap_end.7010
                0x200000c0        0x4 Src\syscalls.o
 .bss.__malloc_free_list
                0x200000c4        0x4 c:/program files (x86)/atollic/truestudio for stm32 9.0.1/armtools/bin/../lib/gcc/arm-atollic-eabi/6.3.1/../../../../arm-atollic-eabi/lib/armv7e-m/fpu\libc_nano.a(lib_a-nano-mallocr.o)
                0x200000c4                __malloc_free_list
 .bss.__malloc_sbrk_start
                0x200000c8        0x4 c:/program files (x86)/atollic/truestudio for stm32 9.0.1/armtools/bin/../lib/gcc/arm-atollic-eabi/6.3.1/../../../../arm-atollic-eabi/lib/armv7e-m/fpu\libc_nano.a(lib_a-nano-mallocr.o)
                0x200000c8                __malloc_sbrk_start
 *(COMMON)
 COMMON         0x200000cc        0x4 Drivers\STM32F3xx_HAL_Driver\Src\stm32f3xx_hal.o
                0x200000cc                uwTick
 COMMON         0x200000d0       0x28 Src\can.o
                0x200000d0                hcan
 COMMON         0x200000f8       0x40 Src\tim.o
                0x200000f8                htim6
 COMMON         0x20000138       0x70 Src\usart.o
                0x20000138                huart2
 COMMON         0x200001a8        0x4 c:/program files (x86)/atollic/truestudio for stm32 9.0.1/armtools/bin/../lib/gcc/arm-atollic-eabi/6.3.1/../../../../arm-atollic-eabi/lib/armv7e-m/fpu\libc_nano.a(lib_a-reent.o)
                0x200001a8                errno
                0x200001ac                . = ALIGN (0x4)
                0x200001ac                _ebss = .
                0x200001ac                __bss_end__ = _ebss

._user_heap_stack
                0x200001ac      0x600
                0x200001ac                . = ALIGN (0x4)
                0x200001ac                PROVIDE (end, .)
                [!provide]                PROVIDE (_end, .)
                0x200003ac                . = (. + _Min_Heap_Size)
 *fill*         0x200001ac      0x200 
                0x200007ac                . = (. + _Min_Stack_Size)
 *fill*         0x200003ac      0x400 
                0x200007ac                . = ALIGN (0x4)

/DISCARD/
 libc.a(*)
 libm.a(*)
 libgcc.a(*)

.ARM.attributes
                0x00000000       0x30
 *(.ARM.attributes)
 .ARM.attributes
                0x00000000       0x22 c:/program files (x86)/atollic/truestudio for stm32 9.0.1/armtools/bin/../lib/gcc/arm-atollic-eabi/6.3.1/armv7e-m/fpu/crti.o
 .ARM.attributes
                0x00000022       0x34 c:/program files (x86)/atollic/truestudio for stm32 9.0.1/armtools/bin/../lib/gcc/arm-atollic-eabi/6.3.1/armv7e-m/fpu/crtbegin.o
 .ARM.attributes
                0x00000056       0x35 Drivers\STM32F3xx_HAL_Driver\Src\stm32f3xx_hal.o
 .ARM.attributes
                0x0000008b       0x35 Drivers\STM32F3xx_HAL_Driver\Src\stm32f3xx_hal_can.o
 .ARM.attributes
                0x000000c0       0x35 Drivers\STM32F3xx_HAL_Driver\Src\stm32f3xx_hal_cortex.o
 .ARM.attributes
                0x000000f5       0x35 Drivers\STM32F3xx_HAL_Driver\Src\stm32f3xx_hal_gpio.o
 .ARM.attributes
                0x0000012a       0x35 Drivers\STM32F3xx_HAL_Driver\Src\stm32f3xx_hal_rcc.o
 .ARM.attributes
                0x0000015f       0x35 Drivers\STM32F3xx_HAL_Driver\Src\stm32f3xx_hal_tim.o
 .ARM.attributes
                0x00000194       0x35 Drivers\STM32F3xx_HAL_Driver\Src\stm32f3xx_hal_tim_ex.o
 .ARM.attributes
                0x000001c9       0x35 Drivers\STM32F3xx_HAL_Driver\Src\stm32f3xx_hal_uart.o
 .ARM.attributes
                0x000001fe       0x35 Inc\CAN\CAN.o
 .ARM.attributes
                0x00000233       0x35 Inc\InterruptIvent\interrupt.o
 .ARM.attributes
                0x00000268       0x35 Inc\localization\localization.o
 .ARM.attributes
                0x0000029d       0x35 Src\can.o
 .ARM.attributes
                0x000002d2       0x35 Src\gpio.o
 .ARM.attributes
                0x00000307       0x35 Src\main.o
 .ARM.attributes
                0x0000033c       0x35 Src\stm32f3xx_hal_msp.o
 .ARM.attributes
                0x00000371       0x35 Src\stm32f3xx_it.o
 .ARM.attributes
                0x000003a6       0x35 Src\syscalls.o
 .ARM.attributes
                0x000003db       0x35 Src\system_stm32f3xx.o
 .ARM.attributes
                0x00000410       0x35 Src\tim.o
 .ARM.attributes
                0x00000445       0x35 Src\usart.o
 .ARM.attributes
                0x0000047a       0x21 startup\startup_stm32f303x8.o
 .ARM.attributes
                0x0000049b       0x34 c:/program files (x86)/atollic/truestudio for stm32 9.0.1/armtools/bin/../lib/gcc/arm-atollic-eabi/6.3.1/../../../../arm-atollic-eabi/lib/armv7e-m/fpu\libc_nano.a(lib_a-errno.o)
 .ARM.attributes
                0x000004cf       0x34 c:/program files (x86)/atollic/truestudio for stm32 9.0.1/armtools/bin/../lib/gcc/arm-atollic-eabi/6.3.1/../../../../arm-atollic-eabi/lib/armv7e-m/fpu\libc_nano.a(lib_a-impure.o)
 .ARM.attributes
                0x00000503       0x34 c:/program files (x86)/atollic/truestudio for stm32 9.0.1/armtools/bin/../lib/gcc/arm-atollic-eabi/6.3.1/../../../../arm-atollic-eabi/lib/armv7e-m/fpu\libc_nano.a(lib_a-init.o)
 .ARM.attributes
                0x00000537       0x34 c:/program files (x86)/atollic/truestudio for stm32 9.0.1/armtools/bin/../lib/gcc/arm-atollic-eabi/6.3.1/../../../../arm-atollic-eabi/lib/armv7e-m/fpu\libc_nano.a(lib_a-memset.o)
 .ARM.attributes
                0x0000056b       0x34 c:/program files (x86)/atollic/truestudio for stm32 9.0.1/armtools/bin/../lib/gcc/arm-atollic-eabi/6.3.1/../../../../arm-atollic-eabi/lib/armv7e-m/fpu\libc_nano.a(lib_a-printf.o)
 .ARM.attributes
                0x0000059f       0x34 c:/program files (x86)/atollic/truestudio for stm32 9.0.1/armtools/bin/../lib/gcc/arm-atollic-eabi/6.3.1/../../../../arm-atollic-eabi/lib/armv7e-m/fpu\libc_nano.a(lib_a-findfp.o)
 .ARM.attributes
                0x000005d3       0x34 c:/program files (x86)/atollic/truestudio for stm32 9.0.1/armtools/bin/../lib/gcc/arm-atollic-eabi/6.3.1/../../../../arm-atollic-eabi/lib/armv7e-m/fpu\libc_nano.a(lib_a-fwalk.o)
 .ARM.attributes
                0x00000607       0x34 c:/program files (x86)/atollic/truestudio for stm32 9.0.1/armtools/bin/../lib/gcc/arm-atollic-eabi/6.3.1/../../../../arm-atollic-eabi/lib/armv7e-m/fpu\libc_nano.a(lib_a-nano-mallocr.o)
 .ARM.attributes
                0x0000063b       0x34 c:/program files (x86)/atollic/truestudio for stm32 9.0.1/armtools/bin/../lib/gcc/arm-atollic-eabi/6.3.1/../../../../arm-atollic-eabi/lib/armv7e-m/fpu\libc_nano.a(lib_a-nano-vfprintf.o)
 .ARM.attributes
                0x0000066f       0x34 c:/program files (x86)/atollic/truestudio for stm32 9.0.1/armtools/bin/../lib/gcc/arm-atollic-eabi/6.3.1/../../../../arm-atollic-eabi/lib/armv7e-m/fpu\libc_nano.a(lib_a-nano-vfprintf_i.o)
 .ARM.attributes
                0x000006a3       0x34 c:/program files (x86)/atollic/truestudio for stm32 9.0.1/armtools/bin/../lib/gcc/arm-atollic-eabi/6.3.1/../../../../arm-atollic-eabi/lib/armv7e-m/fpu\libc_nano.a(lib_a-sbrkr.o)
 .ARM.attributes
                0x000006d7       0x34 c:/program files (x86)/atollic/truestudio for stm32 9.0.1/armtools/bin/../lib/gcc/arm-atollic-eabi/6.3.1/../../../../arm-atollic-eabi/lib/armv7e-m/fpu\libc_nano.a(lib_a-stdio.o)
 .ARM.attributes
                0x0000070b       0x34 c:/program files (x86)/atollic/truestudio for stm32 9.0.1/armtools/bin/../lib/gcc/arm-atollic-eabi/6.3.1/../../../../arm-atollic-eabi/lib/armv7e-m/fpu\libc_nano.a(lib_a-wbuf.o)
 .ARM.attributes
                0x0000073f       0x34 c:/program files (x86)/atollic/truestudio for stm32 9.0.1/armtools/bin/../lib/gcc/arm-atollic-eabi/6.3.1/../../../../arm-atollic-eabi/lib/armv7e-m/fpu\libc_nano.a(lib_a-writer.o)
 .ARM.attributes
                0x00000773       0x34 c:/program files (x86)/atollic/truestudio for stm32 9.0.1/armtools/bin/../lib/gcc/arm-atollic-eabi/6.3.1/../../../../arm-atollic-eabi/lib/armv7e-m/fpu\libc_nano.a(lib_a-wsetup.o)
 .ARM.attributes
                0x000007a7       0x34 c:/program files (x86)/atollic/truestudio for stm32 9.0.1/armtools/bin/../lib/gcc/arm-atollic-eabi/6.3.1/../../../../arm-atollic-eabi/lib/armv7e-m/fpu\libc_nano.a(lib_a-closer.o)
 .ARM.attributes
                0x000007db       0x34 c:/program files (x86)/atollic/truestudio for stm32 9.0.1/armtools/bin/../lib/gcc/arm-atollic-eabi/6.3.1/../../../../arm-atollic-eabi/lib/armv7e-m/fpu\libc_nano.a(lib_a-fflush.o)
 .ARM.attributes
                0x0000080f       0x34 c:/program files (x86)/atollic/truestudio for stm32 9.0.1/armtools/bin/../lib/gcc/arm-atollic-eabi/6.3.1/../../../../arm-atollic-eabi/lib/armv7e-m/fpu\libc_nano.a(lib_a-lseekr.o)
 .ARM.attributes
                0x00000843       0x34 c:/program files (x86)/atollic/truestudio for stm32 9.0.1/armtools/bin/../lib/gcc/arm-atollic-eabi/6.3.1/../../../../arm-atollic-eabi/lib/armv7e-m/fpu\libc_nano.a(lib_a-makebuf.o)
 .ARM.attributes
                0x00000877       0x20 c:/program files (x86)/atollic/truestudio for stm32 9.0.1/armtools/bin/../lib/gcc/arm-atollic-eabi/6.3.1/../../../../arm-atollic-eabi/lib/armv7e-m/fpu\libc_nano.a(lib_a-memchr.o)
 .ARM.attributes
                0x00000897       0x34 c:/program files (x86)/atollic/truestudio for stm32 9.0.1/armtools/bin/../lib/gcc/arm-atollic-eabi/6.3.1/../../../../arm-atollic-eabi/lib/armv7e-m/fpu\libc_nano.a(lib_a-mlock.o)
 .ARM.attributes
                0x000008cb       0x34 c:/program files (x86)/atollic/truestudio for stm32 9.0.1/armtools/bin/../lib/gcc/arm-atollic-eabi/6.3.1/../../../../arm-atollic-eabi/lib/armv7e-m/fpu\libc_nano.a(lib_a-nano-freer.o)
 .ARM.attributes
                0x000008ff       0x34 c:/program files (x86)/atollic/truestudio for stm32 9.0.1/armtools/bin/../lib/gcc/arm-atollic-eabi/6.3.1/../../../../arm-atollic-eabi/lib/armv7e-m/fpu\libc_nano.a(lib_a-readr.o)
 .ARM.attributes
                0x00000933       0x34 c:/program files (x86)/atollic/truestudio for stm32 9.0.1/armtools/bin/../lib/gcc/arm-atollic-eabi/6.3.1/../../../../arm-atollic-eabi/lib/armv7e-m/fpu\libc_nano.a(lib_a-reent.o)
 .ARM.attributes
                0x00000967       0x34 c:/program files (x86)/atollic/truestudio for stm32 9.0.1/armtools/bin/../lib/gcc/arm-atollic-eabi/6.3.1/../../../../arm-atollic-eabi/lib/armv7e-m/fpu\libc_nano.a(lib_a-fstatr.o)
 .ARM.attributes
                0x0000099b       0x34 c:/program files (x86)/atollic/truestudio for stm32 9.0.1/armtools/bin/../lib/gcc/arm-atollic-eabi/6.3.1/../../../../arm-atollic-eabi/lib/armv7e-m/fpu\libc_nano.a(lib_a-isattyr.o)
 .ARM.attributes
                0x000009cf       0x22 c:/program files (x86)/atollic/truestudio for stm32 9.0.1/armtools/bin/../lib/gcc/arm-atollic-eabi/6.3.1/armv7e-m/fpu/crtn.o
OUTPUT(SympleCentral.elf elf32-littlearm)

.debug_info     0x00000000    0x1e5eb
 .debug_info    0x00000000     0x102a Drivers\STM32F3xx_HAL_Driver\Src\stm32f3xx_hal.o
 .debug_info    0x0000102a     0x1941 Drivers\STM32F3xx_HAL_Driver\Src\stm32f3xx_hal_can.o
 .debug_info    0x0000296b     0x14c2 Drivers\STM32F3xx_HAL_Driver\Src\stm32f3xx_hal_cortex.o
 .debug_info    0x00003e2d      0xfee Drivers\STM32F3xx_HAL_Driver\Src\stm32f3xx_hal_gpio.o
 .debug_info    0x00004e1b     0x1cbd Drivers\STM32F3xx_HAL_Driver\Src\stm32f3xx_hal_rcc.o
 .debug_info    0x00006ad8     0x46db Drivers\STM32F3xx_HAL_Driver\Src\stm32f3xx_hal_tim.o
 .debug_info    0x0000b1b3     0x2061 Drivers\STM32F3xx_HAL_Driver\Src\stm32f3xx_hal_tim_ex.o
 .debug_info    0x0000d214     0x29a5 Drivers\STM32F3xx_HAL_Driver\Src\stm32f3xx_hal_uart.o
 .debug_info    0x0000fbb9     0x1321 Inc\CAN\CAN.o
 .debug_info    0x00010eda     0x1b7a Inc\InterruptIvent\interrupt.o
 .debug_info    0x00012a54     0x1113 Inc\localization\localization.o
 .debug_info    0x00013b67     0x123e Src\can.o
 .debug_info    0x00014da5      0xc6b Src\gpio.o
 .debug_info    0x00015a10     0x2e1b Src\main.o
 .debug_info    0x0001882b      0xa88 Src\stm32f3xx_hal_msp.o
 .debug_info    0x000192b3     0x12cd Src\stm32f3xx_it.o
 .debug_info    0x0001a580      0xfe1 Src\syscalls.o
 .debug_info    0x0001b561      0xc74 Src\system_stm32f3xx.o
 .debug_info    0x0001c1d5     0x11f5 Src\tim.o
 .debug_info    0x0001d3ca     0x11b6 Src\usart.o
 .debug_info    0x0001e580       0x6b startup\startup_stm32f303x8.o

.debug_abbrev   0x00000000     0x3a70
 .debug_abbrev  0x00000000      0x2f5 Drivers\STM32F3xx_HAL_Driver\Src\stm32f3xx_hal.o
 .debug_abbrev  0x000002f5      0x382 Drivers\STM32F3xx_HAL_Driver\Src\stm32f3xx_hal_can.o
 .debug_abbrev  0x00000677      0x374 Drivers\STM32F3xx_HAL_Driver\Src\stm32f3xx_hal_cortex.o
 .debug_abbrev  0x000009eb      0x277 Drivers\STM32F3xx_HAL_Driver\Src\stm32f3xx_hal_gpio.o
 .debug_abbrev  0x00000c62      0x37b Drivers\STM32F3xx_HAL_Driver\Src\stm32f3xx_hal_rcc.o
 .debug_abbrev  0x00000fdd      0x3d4 Drivers\STM32F3xx_HAL_Driver\Src\stm32f3xx_hal_tim.o
 .debug_abbrev  0x000013b1      0x36c Drivers\STM32F3xx_HAL_Driver\Src\stm32f3xx_hal_tim_ex.o
 .debug_abbrev  0x0000171d      0x3bc Drivers\STM32F3xx_HAL_Driver\Src\stm32f3xx_hal_uart.o
 .debug_abbrev  0x00001ad9      0x300 Inc\CAN\CAN.o
 .debug_abbrev  0x00001dd9      0x34f Inc\InterruptIvent\interrupt.o
 .debug_abbrev  0x00002128      0x2f9 Inc\localization\localization.o
 .debug_abbrev  0x00002421      0x269 Src\can.o
 .debug_abbrev  0x0000268a      0x1f7 Src\gpio.o
 .debug_abbrev  0x00002881      0x493 Src\main.o
 .debug_abbrev  0x00002d14      0x1be Src\stm32f3xx_hal_msp.o
 .debug_abbrev  0x00002ed2      0x252 Src\stm32f3xx_it.o
 .debug_abbrev  0x00003124      0x2d9 Src\syscalls.o
 .debug_abbrev  0x000033fd      0x1e2 Src\system_stm32f3xx.o
 .debug_abbrev  0x000035df      0x24a Src\tim.o
 .debug_abbrev  0x00003829      0x235 Src\usart.o
 .debug_abbrev  0x00003a5e       0x12 startup\startup_stm32f303x8.o

.debug_loc      0x00000000     0xd21f
 .debug_loc     0x00000000      0x11c Drivers\STM32F3xx_HAL_Driver\Src\stm32f3xx_hal.o
 .debug_loc     0x0000011c      0xc96 Drivers\STM32F3xx_HAL_Driver\Src\stm32f3xx_hal_can.o
 .debug_loc     0x00000db2      0x619 Drivers\STM32F3xx_HAL_Driver\Src\stm32f3xx_hal_cortex.o
 .debug_loc     0x000013cb      0x3ba Drivers\STM32F3xx_HAL_Driver\Src\stm32f3xx_hal_gpio.o
 .debug_loc     0x00001785      0xa5c Drivers\STM32F3xx_HAL_Driver\Src\stm32f3xx_hal_rcc.o
 .debug_loc     0x000021e1     0x6e88 Drivers\STM32F3xx_HAL_Driver\Src\stm32f3xx_hal_tim.o
 .debug_loc     0x00009069     0x17d0 Drivers\STM32F3xx_HAL_Driver\Src\stm32f3xx_hal_tim_ex.o
 .debug_loc     0x0000a839     0x1d66 Drivers\STM32F3xx_HAL_Driver\Src\stm32f3xx_hal_uart.o
 .debug_loc     0x0000c59f       0xb0 Inc\CAN\CAN.o
 .debug_loc     0x0000c64f       0x21 Inc\InterruptIvent\interrupt.o
 .debug_loc     0x0000c670       0x4d Inc\localization\localization.o
 .debug_loc     0x0000c6bd       0x42 Src\can.o
 .debug_loc     0x0000c6ff      0x5f5 Src\main.o
 .debug_loc     0x0000ccf4      0x39e Src\syscalls.o
 .debug_loc     0x0000d092      0x109 Src\system_stm32f3xx.o
 .debug_loc     0x0000d19b       0x42 Src\tim.o
 .debug_loc     0x0000d1dd       0x42 Src\usart.o

.debug_aranges  0x00000000      0xb00
 .debug_aranges
                0x00000000       0xd8 Drivers\STM32F3xx_HAL_Driver\Src\stm32f3xx_hal.o
 .debug_aranges
                0x000000d8       0xc8 Drivers\STM32F3xx_HAL_Driver\Src\stm32f3xx_hal_can.o
 .debug_aranges
                0x000001a0       0x90 Drivers\STM32F3xx_HAL_Driver\Src\stm32f3xx_hal_cortex.o
 .debug_aranges
                0x00000230       0x58 Drivers\STM32F3xx_HAL_Driver\Src\stm32f3xx_hal_gpio.o
 .debug_aranges
                0x00000288       0x88 Drivers\STM32F3xx_HAL_Driver\Src\stm32f3xx_hal_rcc.o
 .debug_aranges
                0x00000310      0x260 Drivers\STM32F3xx_HAL_Driver\Src\stm32f3xx_hal_tim.o
 .debug_aranges
                0x00000570      0x108 Drivers\STM32F3xx_HAL_Driver\Src\stm32f3xx_hal_tim_ex.o
 .debug_aranges
                0x00000678      0x198 Drivers\STM32F3xx_HAL_Driver\Src\stm32f3xx_hal_uart.o
 .debug_aranges
                0x00000810       0x30 Inc\CAN\CAN.o
 .debug_aranges
                0x00000840       0x20 Inc\InterruptIvent\interrupt.o
 .debug_aranges
                0x00000860       0x48 Inc\localization\localization.o
 .debug_aranges
                0x000008a8       0x30 Src\can.o
 .debug_aranges
                0x000008d8       0x20 Src\gpio.o
 .debug_aranges
                0x000008f8       0x30 Src\main.o
 .debug_aranges
                0x00000928       0x20 Src\stm32f3xx_hal_msp.o
 .debug_aranges
                0x00000948       0x58 Src\stm32f3xx_it.o
 .debug_aranges
                0x000009a0       0xb0 Src\syscalls.o
 .debug_aranges
                0x00000a50       0x28 Src\system_stm32f3xx.o
 .debug_aranges
                0x00000a78       0x30 Src\tim.o
 .debug_aranges
                0x00000aa8       0x30 Src\usart.o
 .debug_aranges
                0x00000ad8       0x28 startup\startup_stm32f303x8.o

.debug_ranges   0x00000000     0x1b80
 .debug_ranges  0x00000000       0xc8 Drivers\STM32F3xx_HAL_Driver\Src\stm32f3xx_hal.o
 .debug_ranges  0x000000c8       0xd0 Drivers\STM32F3xx_HAL_Driver\Src\stm32f3xx_hal_can.o
 .debug_ranges  0x00000198      0x148 Drivers\STM32F3xx_HAL_Driver\Src\stm32f3xx_hal_cortex.o
 .debug_ranges  0x000002e0       0x60 Drivers\STM32F3xx_HAL_Driver\Src\stm32f3xx_hal_gpio.o
 .debug_ranges  0x00000340      0x280 Drivers\STM32F3xx_HAL_Driver\Src\stm32f3xx_hal_rcc.o
 .debug_ranges  0x000005c0      0x808 Drivers\STM32F3xx_HAL_Driver\Src\stm32f3xx_hal_tim.o
 .debug_ranges  0x00000dc8      0x140 Drivers\STM32F3xx_HAL_Driver\Src\stm32f3xx_hal_tim_ex.o
 .debug_ranges  0x00000f08      0x4a0 Drivers\STM32F3xx_HAL_Driver\Src\stm32f3xx_hal_uart.o
 .debug_ranges  0x000013a8       0x20 Inc\CAN\CAN.o
 .debug_ranges  0x000013c8       0x10 Inc\InterruptIvent\interrupt.o
 .debug_ranges  0x000013d8       0x38 Inc\localization\localization.o
 .debug_ranges  0x00001410       0x50 Src\can.o
 .debug_ranges  0x00001460       0x48 Src\gpio.o
 .debug_ranges  0x000014a8      0x4f8 Src\main.o
 .debug_ranges  0x000019a0       0x28 Src\stm32f3xx_hal_msp.o
 .debug_ranges  0x000019c8       0x48 Src\stm32f3xx_it.o
 .debug_ranges  0x00001a10       0xa0 Src\syscalls.o
 .debug_ranges  0x00001ab0       0x18 Src\system_stm32f3xx.o
 .debug_ranges  0x00001ac8       0x48 Src\tim.o
 .debug_ranges  0x00001b10       0x50 Src\usart.o
 .debug_ranges  0x00001b60       0x20 startup\startup_stm32f303x8.o

.debug_line     0x00000000     0x857e
 .debug_line    0x00000000      0x481 Drivers\STM32F3xx_HAL_Driver\Src\stm32f3xx_hal.o
 .debug_line    0x00000481      0x769 Drivers\STM32F3xx_HAL_Driver\Src\stm32f3xx_hal_can.o
 .debug_line    0x00000bea      0x485 Drivers\STM32F3xx_HAL_Driver\Src\stm32f3xx_hal_cortex.o
 .debug_line    0x0000106f      0x483 Drivers\STM32F3xx_HAL_Driver\Src\stm32f3xx_hal_gpio.o
 .debug_line    0x000014f2      0x93e Drivers\STM32F3xx_HAL_Driver\Src\stm32f3xx_hal_rcc.o
 .debug_line    0x00001e30     0x1b45 Drivers\STM32F3xx_HAL_Driver\Src\stm32f3xx_hal_tim.o
 .debug_line    0x00003975      0xa8d Drivers\STM32F3xx_HAL_Driver\Src\stm32f3xx_hal_tim_ex.o
 .debug_line    0x00004402     0x11bb Drivers\STM32F3xx_HAL_Driver\Src\stm32f3xx_hal_uart.o
 .debug_line    0x000055bd      0x3b1 Inc\CAN\CAN.o
 .debug_line    0x0000596e      0x5f1 Inc\InterruptIvent\interrupt.o
 .debug_line    0x00005f5f      0x519 Inc\localization\localization.o
 .debug_line    0x00006478      0x35b Src\can.o
 .debug_line    0x000067d3      0x2a2 Src\gpio.o
 .debug_line    0x00006a75      0x7b9 Src\main.o
 .debug_line    0x0000722e      0x27e Src\stm32f3xx_hal_msp.o
 .debug_line    0x000074ac      0x352 Src\stm32f3xx_it.o
 .debug_line    0x000077fe      0x3b9 Src\syscalls.o
 .debug_line    0x00007bb7      0x2c2 Src\system_stm32f3xx.o
 .debug_line    0x00007e79      0x348 Src\tim.o
 .debug_line    0x000081c1      0x33e Src\usart.o
 .debug_line    0x000084ff       0x7f startup\startup_stm32f303x8.o

.debug_str      0x00000000     0x4e00
 .debug_str     0x00000000      0xbe0 Drivers\STM32F3xx_HAL_Driver\Src\stm32f3xx_hal.o
                                0xcd4 (size before relaxing)
 .debug_str     0x00000be0      0x72b Drivers\STM32F3xx_HAL_Driver\Src\stm32f3xx_hal_can.o
                                0xf49 (size before relaxing)
 .debug_str     0x0000130b      0x2af Drivers\STM32F3xx_HAL_Driver\Src\stm32f3xx_hal_cortex.o
                                0xdc5 (size before relaxing)
 .debug_str     0x000015ba      0x22b Drivers\STM32F3xx_HAL_Driver\Src\stm32f3xx_hal_gpio.o
                                0x9bd (size before relaxing)
 .debug_str     0x000017e5      0x2bb Drivers\STM32F3xx_HAL_Driver\Src\stm32f3xx_hal_rcc.o
                                0xb2a (size before relaxing)
 .debug_str     0x00001aa0     0x1084 Drivers\STM32F3xx_HAL_Driver\Src\stm32f3xx_hal_tim.o
                               0x18c7 (size before relaxing)
 .debug_str     0x00002b24      0x59b Drivers\STM32F3xx_HAL_Driver\Src\stm32f3xx_hal_tim_ex.o
                               0x12fa (size before relaxing)
 .debug_str     0x000030bf      0x8cf Drivers\STM32F3xx_HAL_Driver\Src\stm32f3xx_hal_uart.o
                               0x133f (size before relaxing)
 .debug_str     0x0000398e      0x2d4 Inc\CAN\CAN.o
                                0xda1 (size before relaxing)
 .debug_str     0x00003c62      0xa15 Inc\InterruptIvent\interrupt.o
                               0x162f (size before relaxing)
 .debug_str     0x00004677       0xac Inc\localization\localization.o
                                0xc05 (size before relaxing)
 .debug_str     0x00004723       0x41 Src\can.o
                                0xdd5 (size before relaxing)
 .debug_str     0x00004764       0x1b Src\gpio.o
                                0x7ce (size before relaxing)
 .debug_str     0x0000477f      0x29f Src\main.o
                               0x1fcd (size before relaxing)
 .debug_str     0x00004a1e       0x1b Src\stm32f3xx_hal_msp.o
                                0x71d (size before relaxing)
 .debug_str     0x00004a39       0xe1 Src\stm32f3xx_it.o
                                0xde9 (size before relaxing)
 .debug_str     0x00004b1a      0x256 Src\syscalls.o
                                0x870 (size before relaxing)
 .debug_str     0x00004d70       0x5a Src\system_stm32f3xx.o
                                0x7a7 (size before relaxing)
 .debug_str     0x00004dca       0x1c Src\tim.o
                                0xefe (size before relaxing)
 .debug_str     0x00004de6       0x1a Src\usart.o
                                0xc83 (size before relaxing)

.comment        0x00000000       0x7c
 .comment       0x00000000       0x7c Drivers\STM32F3xx_HAL_Driver\Src\stm32f3xx_hal.o
                                 0x7d (size before relaxing)
 .comment       0x0000007c       0x7d Drivers\STM32F3xx_HAL_Driver\Src\stm32f3xx_hal_can.o
 .comment       0x0000007c       0x7d Drivers\STM32F3xx_HAL_Driver\Src\stm32f3xx_hal_cortex.o
 .comment       0x0000007c       0x7d Drivers\STM32F3xx_HAL_Driver\Src\stm32f3xx_hal_gpio.o
 .comment       0x0000007c       0x7d Drivers\STM32F3xx_HAL_Driver\Src\stm32f3xx_hal_rcc.o
 .comment       0x0000007c       0x7d Drivers\STM32F3xx_HAL_Driver\Src\stm32f3xx_hal_tim.o
 .comment       0x0000007c       0x7d Drivers\STM32F3xx_HAL_Driver\Src\stm32f3xx_hal_tim_ex.o
 .comment       0x0000007c       0x7d Drivers\STM32F3xx_HAL_Driver\Src\stm32f3xx_hal_uart.o
 .comment       0x0000007c       0x7d Inc\CAN\CAN.o
 .comment       0x0000007c       0x7d Inc\InterruptIvent\interrupt.o
 .comment       0x0000007c       0x7d Inc\localization\localization.o
 .comment       0x0000007c       0x7d Src\can.o
 .comment       0x0000007c       0x7d Src\gpio.o
 .comment       0x0000007c       0x7d Src\main.o
 .comment       0x0000007c       0x7d Src\stm32f3xx_hal_msp.o
 .comment       0x0000007c       0x7d Src\stm32f3xx_it.o
 .comment       0x0000007c       0x7d Src\syscalls.o
 .comment       0x0000007c       0x7d Src\system_stm32f3xx.o
 .comment       0x0000007c       0x7d Src\tim.o
 .comment       0x0000007c       0x7d Src\usart.o

.debug_frame    0x00000000     0x2a5c
 .debug_frame   0x00000000      0x1d0 Drivers\STM32F3xx_HAL_Driver\Src\stm32f3xx_hal.o
 .debug_frame   0x000001d0      0x314 Drivers\STM32F3xx_HAL_Driver\Src\stm32f3xx_hal_can.o
 .debug_frame   0x000004e4      0x140 Drivers\STM32F3xx_HAL_Driver\Src\stm32f3xx_hal_cortex.o
 .debug_frame   0x00000624       0xf8 Drivers\STM32F3xx_HAL_Driver\Src\stm32f3xx_hal_gpio.o
 .debug_frame   0x0000071c      0x16c Drivers\STM32F3xx_HAL_Driver\Src\stm32f3xx_hal_rcc.o
 .debug_frame   0x00000888      0xa7c Drivers\STM32F3xx_HAL_Driver\Src\stm32f3xx_hal_tim.o
 .debug_frame   0x00001304      0x3f4 Drivers\STM32F3xx_HAL_Driver\Src\stm32f3xx_hal_tim_ex.o
 .debug_frame   0x000016f8      0x62c Drivers\STM32F3xx_HAL_Driver\Src\stm32f3xx_hal_uart.o
 .debug_frame   0x00001d24       0x68 Inc\CAN\CAN.o
 .debug_frame   0x00001d8c       0x28 Inc\InterruptIvent\interrupt.o
 .debug_frame   0x00001db4       0xb0 Inc\localization\localization.o
 .debug_frame   0x00001e64       0x7c Src\can.o
 .debug_frame   0x00001ee0       0x34 Src\gpio.o
 .debug_frame   0x00001f14       0x78 Src\main.o
 .debug_frame   0x00001f8c       0x28 Src\stm32f3xx_hal_msp.o
 .debug_frame   0x00001fb4       0xd0 Src\stm32f3xx_it.o
 .debug_frame   0x00002084      0x1a8 Src\syscalls.o
 .debug_frame   0x0000222c       0x3c Src\system_stm32f3xx.o
 .debug_frame   0x00002268       0x5c Src\tim.o
 .debug_frame   0x000022c4       0x64 Src\usart.o
 .debug_frame   0x00002328       0x20 c:/program files (x86)/atollic/truestudio for stm32 9.0.1/armtools/bin/../lib/gcc/arm-atollic-eabi/6.3.1/../../../../arm-atollic-eabi/lib/armv7e-m/fpu\libc_nano.a(lib_a-errno.o)
 .debug_frame   0x00002348       0x2c c:/program files (x86)/atollic/truestudio for stm32 9.0.1/armtools/bin/../lib/gcc/arm-atollic-eabi/6.3.1/../../../../arm-atollic-eabi/lib/armv7e-m/fpu\libc_nano.a(lib_a-init.o)
 .debug_frame   0x00002374       0x20 c:/program files (x86)/atollic/truestudio for stm32 9.0.1/armtools/bin/../lib/gcc/arm-atollic-eabi/6.3.1/../../../../arm-atollic-eabi/lib/armv7e-m/fpu\libc_nano.a(lib_a-memset.o)
 .debug_frame   0x00002394       0x74 c:/program files (x86)/atollic/truestudio for stm32 9.0.1/armtools/bin/../lib/gcc/arm-atollic-eabi/6.3.1/../../../../arm-atollic-eabi/lib/armv7e-m/fpu\libc_nano.a(lib_a-printf.o)
 .debug_frame   0x00002408      0x11c c:/program files (x86)/atollic/truestudio for stm32 9.0.1/armtools/bin/../lib/gcc/arm-atollic-eabi/6.3.1/../../../../arm-atollic-eabi/lib/armv7e-m/fpu\libc_nano.a(lib_a-findfp.o)
 .debug_frame   0x00002524       0x54 c:/program files (x86)/atollic/truestudio for stm32 9.0.1/armtools/bin/../lib/gcc/arm-atollic-eabi/6.3.1/../../../../arm-atollic-eabi/lib/armv7e-m/fpu\libc_nano.a(lib_a-fwalk.o)
 .debug_frame   0x00002578       0x2c c:/program files (x86)/atollic/truestudio for stm32 9.0.1/armtools/bin/../lib/gcc/arm-atollic-eabi/6.3.1/../../../../arm-atollic-eabi/lib/armv7e-m/fpu\libc_nano.a(lib_a-nano-mallocr.o)
 .debug_frame   0x000025a4       0xac c:/program files (x86)/atollic/truestudio for stm32 9.0.1/armtools/bin/../lib/gcc/arm-atollic-eabi/6.3.1/../../../../arm-atollic-eabi/lib/armv7e-m/fpu\libc_nano.a(lib_a-nano-vfprintf.o)
 .debug_frame   0x00002650       0x60 c:/program files (x86)/atollic/truestudio for stm32 9.0.1/armtools/bin/../lib/gcc/arm-atollic-eabi/6.3.1/../../../../arm-atollic-eabi/lib/armv7e-m/fpu\libc_nano.a(lib_a-nano-vfprintf_i.o)
 .debug_frame   0x000026b0       0x2c c:/program files (x86)/atollic/truestudio for stm32 9.0.1/armtools/bin/../lib/gcc/arm-atollic-eabi/6.3.1/../../../../arm-atollic-eabi/lib/armv7e-m/fpu\libc_nano.a(lib_a-sbrkr.o)
 .debug_frame   0x000026dc       0x88 c:/program files (x86)/atollic/truestudio for stm32 9.0.1/armtools/bin/../lib/gcc/arm-atollic-eabi/6.3.1/../../../../arm-atollic-eabi/lib/armv7e-m/fpu\libc_nano.a(lib_a-stdio.o)
 .debug_frame   0x00002764       0x40 c:/program files (x86)/atollic/truestudio for stm32 9.0.1/armtools/bin/../lib/gcc/arm-atollic-eabi/6.3.1/../../../../arm-atollic-eabi/lib/armv7e-m/fpu\libc_nano.a(lib_a-wbuf.o)
 .debug_frame   0x000027a4       0x2c c:/program files (x86)/atollic/truestudio for stm32 9.0.1/armtools/bin/../lib/gcc/arm-atollic-eabi/6.3.1/../../../../arm-atollic-eabi/lib/armv7e-m/fpu\libc_nano.a(lib_a-writer.o)
 .debug_frame   0x000027d0       0x2c c:/program files (x86)/atollic/truestudio for stm32 9.0.1/armtools/bin/../lib/gcc/arm-atollic-eabi/6.3.1/../../../../arm-atollic-eabi/lib/armv7e-m/fpu\libc_nano.a(lib_a-wsetup.o)
 .debug_frame   0x000027fc       0x2c c:/program files (x86)/atollic/truestudio for stm32 9.0.1/armtools/bin/../lib/gcc/arm-atollic-eabi/6.3.1/../../../../arm-atollic-eabi/lib/armv7e-m/fpu\libc_nano.a(lib_a-closer.o)
 .debug_frame   0x00002828       0x68 c:/program files (x86)/atollic/truestudio for stm32 9.0.1/armtools/bin/../lib/gcc/arm-atollic-eabi/6.3.1/../../../../arm-atollic-eabi/lib/armv7e-m/fpu\libc_nano.a(lib_a-fflush.o)
 .debug_frame   0x00002890       0x2c c:/program files (x86)/atollic/truestudio for stm32 9.0.1/armtools/bin/../lib/gcc/arm-atollic-eabi/6.3.1/../../../../arm-atollic-eabi/lib/armv7e-m/fpu\libc_nano.a(lib_a-lseekr.o)
 .debug_frame   0x000028bc       0x58 c:/program files (x86)/atollic/truestudio for stm32 9.0.1/armtools/bin/../lib/gcc/arm-atollic-eabi/6.3.1/../../../../arm-atollic-eabi/lib/armv7e-m/fpu\libc_nano.a(lib_a-makebuf.o)
 .debug_frame   0x00002914       0x30 c:/program files (x86)/atollic/truestudio for stm32 9.0.1/armtools/bin/../lib/gcc/arm-atollic-eabi/6.3.1/../../../../arm-atollic-eabi/lib/armv7e-m/fpu\libc_nano.a(lib_a-mlock.o)
 .debug_frame   0x00002944       0x38 c:/program files (x86)/atollic/truestudio for stm32 9.0.1/armtools/bin/../lib/gcc/arm-atollic-eabi/6.3.1/../../../../arm-atollic-eabi/lib/armv7e-m/fpu\libc_nano.a(lib_a-nano-freer.o)
 .debug_frame   0x0000297c       0x2c c:/program files (x86)/atollic/truestudio for stm32 9.0.1/armtools/bin/../lib/gcc/arm-atollic-eabi/6.3.1/../../../../arm-atollic-eabi/lib/armv7e-m/fpu\libc_nano.a(lib_a-readr.o)
 .debug_frame   0x000029a8       0x5c c:/program files (x86)/atollic/truestudio for stm32 9.0.1/armtools/bin/../lib/gcc/arm-atollic-eabi/6.3.1/../../../../arm-atollic-eabi/lib/armv7e-m/fpu\libc_nano.a(lib_a-reent.o)
 .debug_frame   0x00002a04       0x2c c:/program files (x86)/atollic/truestudio for stm32 9.0.1/armtools/bin/../lib/gcc/arm-atollic-eabi/6.3.1/../../../../arm-atollic-eabi/lib/armv7e-m/fpu\libc_nano.a(lib_a-fstatr.o)
 .debug_frame   0x00002a30       0x2c c:/program files (x86)/atollic/truestudio for stm32 9.0.1/armtools/bin/../lib/gcc/arm-atollic-eabi/6.3.1/../../../../arm-atollic-eabi/lib/armv7e-m/fpu\libc_nano.a(lib_a-isattyr.o)
