PS3class.cpp:15:7:void PS3controller::SetconData()	0	static
PS3class.cpp:26:7:void PS3controller::SendRequest()	8	static
PS3class.cpp:34:7:short int PS3controller::Maskbyte(int, int)	0	static
PS3class.cpp:40:7:short int PS3controller::SELECT()	0	static
PS3class.cpp:45:7:short int PS3controller::L3()	0	static
PS3class.cpp:49:7:short int PS3controller::R3()	0	static
PS3class.cpp:52:7:short int PS3controller::START()	0	static
PS3class.cpp:55:7:short int PS3controller::UP()	0	static
PS3class.cpp:59:7:short int PS3controller::RIGHT()	0	static
PS3class.cpp:62:7:short int PS3controller::DOWN()	0	static
PS3class.cpp:65:7:short int PS3controller::LEFT()	0	static
PS3class.cpp:68:7:short int PS3controller::L2()	0	static
PS3class.cpp:71:7:short int PS3controller::R2()	0	static
PS3class.cpp:74:7:short int PS3controller::L1()	0	static
PS3class.cpp:77:7:short int PS3controller::R1()	0	static
PS3class.cpp:80:7:short int PS3controller::SANKAKU()	0	static
PS3class.cpp:83:7:short int PS3controller::MARU()	0	static
PS3class.cpp:86:7:short int PS3controller::BATSU()	0	static
PS3class.cpp:89:7:short int PS3controller::SHIKAKU()	0	static
PS3class.cpp:92:7:short int PS3controller::ANALOG_RIGHT_X()	0	static
PS3class.cpp:95:7:short int PS3controller::ANALOG_RIGHT_Y()	0	static
PS3class.cpp:98:7:short int PS3controller::ANALOG_LEFT_X()	0	static
PS3class.cpp:101:7:short int PS3controller::ANALOG_LEFT_Y()	0	static
PS3class.cpp:105:6:void PS3controller::begin()	8	static
